Checking whether the ASM compiler is GNU using "--version" did not match "(GNU assembler)|(GCC)|(Free Software Foundation)":
Android (8490178, based on r450784d) clang version 14.0.6 (https://android.googlesource.com/toolchain/llvm-project 4c603efb0cca074e9238af8b4106c30add4418f6)
Target: x86_64-unknown-linux-gnu
Thread model: posix
InstalledDir: /home/user/development/android-sdk/ndk/25.1.8937393/toolchains/llvm/prebuilt/linux-x86_64/bin
Determining if the function snprintf_l exists failed with the following output:
Change Dir: /workspace/projects/MyGBAEmulator/app/.cxx/Debug/62445o3d/armeabi-v7a/CMakeFiles/CMakeTmp

Run Build Command(s):/home/user/development/android-sdk/cmake/3.22.1/bin/ninja cmTC_b027a && [1/2] Building C object CMakeFiles/cmTC_b027a.dir/CheckFunctionExists.c.o
[2/2] Linking C executable cmTC_b027a
FAILED: cmTC_b027a 
: && /home/user/development/android-sdk/ndk/25.1.8937393/toolchains/llvm/prebuilt/linux-x86_64/bin/clang --target=armv7-none-linux-androideabi24 --sysroot=/home/user/development/android-sdk/ndk/25.1.8937393/toolchains/llvm/prebuilt/linux-x86_64/sysroot -g -DANDROID -fdata-sections -ffunction-sections -funwind-tables -fstack-protector-strong -no-canonical-prefixes -D_FORTIFY_SOURCE=2 -march=armv7-a -mthumb -Wformat -Werror=format-security  -Wall -Wextra -Wno-missing-field-initializers -Werror=implicit-function-declaration -Werror=implicit-int -fwrapv -DCHECK_FUNCTION_EXISTS=snprintf_l -static-libstdc++ -Wl,--build-id=sha1 -Wl,--no-rosegment -Wl,--fatal-warnings -Wl,--gc-sections -Wl,--no-undefined -Qunused-arguments -Wl,--gc-sections CMakeFiles/cmTC_b027a.dir/CheckFunctionExists.c.o -o cmTC_b027a  -latomic -lm && :
ld: error: undefined symbol: snprintf_l
>>> referenced by CheckFunctionExists.c:17 (/home/user/development/android-sdk/cmake/3.22.1/share/cmake-3.22/Modules/CheckFunctionExists.c:17)
>>>               CMakeFiles/cmTC_b027a.dir/CheckFunctionExists.c.o:(main)
clang: error: linker command failed with exit code 1 (use -v to see invocation)
ninja: build stopped: subcommand failed.



Determining if the function popcount32 exists failed with the following output:
Change Dir: /workspace/projects/MyGBAEmulator/app/.cxx/Debug/62445o3d/armeabi-v7a/CMakeFiles/CMakeTmp

Run Build Command(s):/home/user/development/android-sdk/cmake/3.22.1/bin/ninja cmTC_8cf74 && [1/2] Building C object CMakeFiles/cmTC_8cf74.dir/CheckFunctionExists.c.o
[2/2] Linking C executable cmTC_8cf74
FAILED: cmTC_8cf74 
: && /home/user/development/android-sdk/ndk/25.1.8937393/toolchains/llvm/prebuilt/linux-x86_64/bin/clang --target=armv7-none-linux-androideabi24 --sysroot=/home/user/development/android-sdk/ndk/25.1.8937393/toolchains/llvm/prebuilt/linux-x86_64/sysroot -g -DANDROID -fdata-sections -ffunction-sections -funwind-tables -fstack-protector-strong -no-canonical-prefixes -D_FORTIFY_SOURCE=2 -march=armv7-a -mthumb -Wformat -Werror=format-security  -Wall -Wextra -Wno-missing-field-initializers -Werror=implicit-function-declaration -Werror=implicit-int -fwrapv -DCHECK_FUNCTION_EXISTS=popcount32 -static-libstdc++ -Wl,--build-id=sha1 -Wl,--no-rosegment -Wl,--fatal-warnings -Wl,--gc-sections -Wl,--no-undefined -Qunused-arguments -Wl,--gc-sections CMakeFiles/cmTC_8cf74.dir/CheckFunctionExists.c.o -o cmTC_8cf74  -latomic -lm && :
ld: error: undefined symbol: popcount32
>>> referenced by CheckFunctionExists.c:17 (/home/user/development/android-sdk/cmake/3.22.1/share/cmake-3.22/Modules/CheckFunctionExists.c:17)
>>>               CMakeFiles/cmTC_8cf74.dir/CheckFunctionExists.c.o:(main)
clang: error: linker command failed with exit code 1 (use -v to see invocation)
ninja: build stopped: subcommand failed.



Determining if the function futimes exists failed with the following output:
Change Dir: /workspace/projects/MyGBAEmulator/app/.cxx/Debug/62445o3d/armeabi-v7a/CMakeFiles/CMakeTmp

Run Build Command(s):/home/user/development/android-sdk/cmake/3.22.1/bin/ninja cmTC_ed118 && [1/2] Building C object CMakeFiles/cmTC_ed118.dir/CheckFunctionExists.c.o
[2/2] Linking C executable cmTC_ed118
FAILED: cmTC_ed118 
: && /home/user/development/android-sdk/ndk/25.1.8937393/toolchains/llvm/prebuilt/linux-x86_64/bin/clang --target=armv7-none-linux-androideabi24 --sysroot=/home/user/development/android-sdk/ndk/25.1.8937393/toolchains/llvm/prebuilt/linux-x86_64/sysroot -g -DANDROID -fdata-sections -ffunction-sections -funwind-tables -fstack-protector-strong -no-canonical-prefixes -D_FORTIFY_SOURCE=2 -march=armv7-a -mthumb -Wformat -Werror=format-security  -Wall -Wextra -Wno-missing-field-initializers -Werror=implicit-function-declaration -Werror=implicit-int -fwrapv -DCHECK_FUNCTION_EXISTS=futimes -static-libstdc++ -Wl,--build-id=sha1 -Wl,--no-rosegment -Wl,--fatal-warnings -Wl,--gc-sections -Wl,--no-undefined -Qunused-arguments -Wl,--gc-sections CMakeFiles/cmTC_ed118.dir/CheckFunctionExists.c.o -o cmTC_ed118  -latomic -lm && :
ld: error: undefined symbol: futimes
>>> referenced by CheckFunctionExists.c:17 (/home/user/development/android-sdk/cmake/3.22.1/share/cmake-3.22/Modules/CheckFunctionExists.c:17)
>>>               CMakeFiles/cmTC_ed118.dir/CheckFunctionExists.c.o:(main)
>>> did you mean: utimes
>>> defined in: /home/user/development/android-sdk/ndk/25.1.8937393/toolchains/llvm/prebuilt/linux-x86_64/sysroot/usr/lib/arm-linux-androideabi/24/libc.so
clang: error: linker command failed with exit code 1 (use -v to see invocation)
ninja: build stopped: subcommand failed.



Determining if files pthread_np.h exist failed with the following output:
Change Dir: /workspace/projects/MyGBAEmulator/app/.cxx/Debug/62445o3d/armeabi-v7a/CMakeFiles/CMakeTmp

Run Build Command(s):/home/user/development/android-sdk/cmake/3.22.1/bin/ninja cmTC_5657f && [1/2] Building C object CMakeFiles/cmTC_5657f.dir/HAVE_PTHREAD_NP_H.c.o
FAILED: CMakeFiles/cmTC_5657f.dir/HAVE_PTHREAD_NP_H.c.o 
/home/user/development/android-sdk/ndk/25.1.8937393/toolchains/llvm/prebuilt/linux-x86_64/bin/clang --target=armv7-none-linux-androideabi24 --sysroot=/home/user/development/android-sdk/ndk/25.1.8937393/toolchains/llvm/prebuilt/linux-x86_64/sysroot   -g -DANDROID -fdata-sections -ffunction-sections -funwind-tables -fstack-protector-strong -no-canonical-prefixes -D_FORTIFY_SOURCE=2 -march=armv7-a -mthumb -Wformat -Werror=format-security  -Wall -Wextra -Wno-missing-field-initializers -Werror=implicit-function-declaration -Werror=implicit-int -fwrapv -pthread  -fPIE -std=c11 -MD -MT CMakeFiles/cmTC_5657f.dir/HAVE_PTHREAD_NP_H.c.o -MF CMakeFiles/cmTC_5657f.dir/HAVE_PTHREAD_NP_H.c.o.d -o CMakeFiles/cmTC_5657f.dir/HAVE_PTHREAD_NP_H.c.o -c /workspace/projects/MyGBAEmulator/app/.cxx/Debug/62445o3d/armeabi-v7a/CMakeFiles/CheckIncludeFiles/HAVE_PTHREAD_NP_H.c
/workspace/projects/MyGBAEmulator/app/.cxx/Debug/62445o3d/armeabi-v7a/CMakeFiles/CheckIncludeFiles/HAVE_PTHREAD_NP_H.c:2:10: fatal error: 'pthread_np.h' file not found
#include <pthread_np.h>
         ^~~~~~~~~~~~~~
1 error generated.
ninja: build stopped: subcommand failed.


Source:
/* */
#include <pthread_np.h>


int main(void){return 0;}

Determining if the function pthread_set_name_np exists failed with the following output:
Change Dir: /workspace/projects/MyGBAEmulator/app/.cxx/Debug/62445o3d/armeabi-v7a/CMakeFiles/CMakeTmp

Run Build Command(s):/home/user/development/android-sdk/cmake/3.22.1/bin/ninja cmTC_47652 && [1/2] Building C object CMakeFiles/cmTC_47652.dir/CheckFunctionExists.c.o
[2/2] Linking C executable cmTC_47652
FAILED: cmTC_47652 
: && /home/user/development/android-sdk/ndk/25.1.8937393/toolchains/llvm/prebuilt/linux-x86_64/bin/clang --target=armv7-none-linux-androideabi24 --sysroot=/home/user/development/android-sdk/ndk/25.1.8937393/toolchains/llvm/prebuilt/linux-x86_64/sysroot -g -DANDROID -fdata-sections -ffunction-sections -funwind-tables -fstack-protector-strong -no-canonical-prefixes -D_FORTIFY_SOURCE=2 -march=armv7-a -mthumb -Wformat -Werror=format-security  -Wall -Wextra -Wno-missing-field-initializers -Werror=implicit-function-declaration -Werror=implicit-int -fwrapv -pthread -DCHECK_FUNCTION_EXISTS=pthread_set_name_np -static-libstdc++ -Wl,--build-id=sha1 -Wl,--no-rosegment -Wl,--fatal-warnings -Wl,--gc-sections -Wl,--no-undefined -Qunused-arguments -Wl,--gc-sections CMakeFiles/cmTC_47652.dir/CheckFunctionExists.c.o -o cmTC_47652  -latomic -lm && :
ld: error: undefined symbol: pthread_set_name_np
>>> referenced by CheckFunctionExists.c:17 (/home/user/development/android-sdk/cmake/3.22.1/share/cmake-3.22/Modules/CheckFunctionExists.c:17)
>>>               CMakeFiles/cmTC_47652.dir/CheckFunctionExists.c.o:(main)
>>> did you mean: pthread_setname_np
>>> defined in: /home/user/development/android-sdk/ndk/25.1.8937393/toolchains/llvm/prebuilt/linux-x86_64/sysroot/usr/lib/arm-linux-androideabi/24/libc.so
clang: error: linker command failed with exit code 1 (use -v to see invocation)
ninja: build stopped: subcommand failed.



Determining if the function crc32 exists failed with the following output:
Change Dir: /workspace/projects/MyGBAEmulator/app/.cxx/Debug/62445o3d/armeabi-v7a/CMakeFiles/CMakeTmp

Run Build Command(s):/home/user/development/android-sdk/cmake/3.22.1/bin/ninja cmTC_b5945 && [1/2] Building C object CMakeFiles/cmTC_b5945.dir/CheckFunctionExists.c.o
[2/2] Linking C executable cmTC_b5945
FAILED: cmTC_b5945 
: && /home/user/development/android-sdk/ndk/25.1.8937393/toolchains/llvm/prebuilt/linux-x86_64/bin/clang --target=armv7-none-linux-androideabi24 --sysroot=/home/user/development/android-sdk/ndk/25.1.8937393/toolchains/llvm/prebuilt/linux-x86_64/sysroot -g -DANDROID -fdata-sections -ffunction-sections -funwind-tables -fstack-protector-strong -no-canonical-prefixes -D_FORTIFY_SOURCE=2 -march=armv7-a -mthumb -Wformat -Werror=format-security  -Wall -Wextra -Wno-missing-field-initializers -Werror=implicit-function-declaration -Werror=implicit-int -fwrapv -pthread -DCHECK_FUNCTION_EXISTS=crc32 -static-libstdc++ -Wl,--build-id=sha1 -Wl,--no-rosegment -Wl,--fatal-warnings -Wl,--gc-sections -Wl,--no-undefined -Qunused-arguments -Wl,--gc-sections CMakeFiles/cmTC_b5945.dir/CheckFunctionExists.c.o -o cmTC_b5945  -latomic -lm && :
ld: error: undefined symbol: crc32
>>> referenced by CheckFunctionExists.c:17 (/home/user/development/android-sdk/cmake/3.22.1/share/cmake-3.22/Modules/CheckFunctionExists.c:17)
>>>               CMakeFiles/cmTC_b5945.dir/CheckFunctionExists.c.o:(main)
clang: error: linker command failed with exit code 1 (use -v to see invocation)
ninja: build stopped: subcommand failed.



