Determining if the function snprintf_l exists failed with the following output:
Change Dir: /workspace/projects/MyGBAEmulator/app/.cxx/Debug/62445o3d/arm64-v8a/CMakeFiles/CMakeTmp

Run Build Command(s):/home/user/development/android-sdk/cmake/3.22.1/bin/ninja cmTC_e0706 && [1/2] Building C object CMakeFiles/cmTC_e0706.dir/CheckFunctionExists.c.o
[2/2] Linking C executable cmTC_e0706
FAILED: cmTC_e0706 
: && /home/user/development/android-sdk/ndk/25.1.8937393/toolchains/llvm/prebuilt/linux-x86_64/bin/clang --target=aarch64-none-linux-android24 --sysroot=/home/user/development/android-sdk/ndk/25.1.8937393/toolchains/llvm/prebuilt/linux-x86_64/sysroot -g -DANDROID -fdata-sections -ffunction-sections -funwind-tables -fstack-protector-strong -no-canonical-prefixes -D_FORTIFY_SOURCE=2 -Wformat -Werror=format-security  -Wall -Wextra -Wno-missing-field-initializers -Werror=implicit-function-declaration -Werror=implicit-int -fwrapv -DCHECK_FUNCTION_EXISTS=snprintf_l -static-libstdc++ -Wl,--build-id=sha1 -Wl,--no-rosegment -Wl,--fatal-warnings -Wl,--gc-sections -Wl,--no-undefined -Qunused-arguments -Wl,--gc-sections CMakeFiles/cmTC_e0706.dir/CheckFunctionExists.c.o -o cmTC_e0706  -latomic -lm && :
ld: error: undefined symbol: snprintf_l
>>> referenced by CheckFunctionExists.c:17 (/home/user/development/android-sdk/cmake/3.22.1/share/cmake-3.22/Modules/CheckFunctionExists.c:17)
>>>               CMakeFiles/cmTC_e0706.dir/CheckFunctionExists.c.o:(main)
clang: error: linker command failed with exit code 1 (use -v to see invocation)
ninja: build stopped: subcommand failed.



Determining if the function popcount32 exists failed with the following output:
Change Dir: /workspace/projects/MyGBAEmulator/app/.cxx/Debug/62445o3d/arm64-v8a/CMakeFiles/CMakeTmp

Run Build Command(s):/home/user/development/android-sdk/cmake/3.22.1/bin/ninja cmTC_4fe6d && [1/2] Building C object CMakeFiles/cmTC_4fe6d.dir/CheckFunctionExists.c.o
[2/2] Linking C executable cmTC_4fe6d
FAILED: cmTC_4fe6d 
: && /home/user/development/android-sdk/ndk/25.1.8937393/toolchains/llvm/prebuilt/linux-x86_64/bin/clang --target=aarch64-none-linux-android24 --sysroot=/home/user/development/android-sdk/ndk/25.1.8937393/toolchains/llvm/prebuilt/linux-x86_64/sysroot -g -DANDROID -fdata-sections -ffunction-sections -funwind-tables -fstack-protector-strong -no-canonical-prefixes -D_FORTIFY_SOURCE=2 -Wformat -Werror=format-security  -Wall -Wextra -Wno-missing-field-initializers -Werror=implicit-function-declaration -Werror=implicit-int -fwrapv -DCHECK_FUNCTION_EXISTS=popcount32 -static-libstdc++ -Wl,--build-id=sha1 -Wl,--no-rosegment -Wl,--fatal-warnings -Wl,--gc-sections -Wl,--no-undefined -Qunused-arguments -Wl,--gc-sections CMakeFiles/cmTC_4fe6d.dir/CheckFunctionExists.c.o -o cmTC_4fe6d  -latomic -lm && :
ld: error: undefined symbol: popcount32
>>> referenced by CheckFunctionExists.c:17 (/home/user/development/android-sdk/cmake/3.22.1/share/cmake-3.22/Modules/CheckFunctionExists.c:17)
>>>               CMakeFiles/cmTC_4fe6d.dir/CheckFunctionExists.c.o:(main)
clang: error: linker command failed with exit code 1 (use -v to see invocation)
ninja: build stopped: subcommand failed.



Determining if the function futimes exists failed with the following output:
Change Dir: /workspace/projects/MyGBAEmulator/app/.cxx/Debug/62445o3d/arm64-v8a/CMakeFiles/CMakeTmp

Run Build Command(s):/home/user/development/android-sdk/cmake/3.22.1/bin/ninja cmTC_da50d && [1/2] Building C object CMakeFiles/cmTC_da50d.dir/CheckFunctionExists.c.o
[2/2] Linking C executable cmTC_da50d
FAILED: cmTC_da50d 
: && /home/user/development/android-sdk/ndk/25.1.8937393/toolchains/llvm/prebuilt/linux-x86_64/bin/clang --target=aarch64-none-linux-android24 --sysroot=/home/user/development/android-sdk/ndk/25.1.8937393/toolchains/llvm/prebuilt/linux-x86_64/sysroot -g -DANDROID -fdata-sections -ffunction-sections -funwind-tables -fstack-protector-strong -no-canonical-prefixes -D_FORTIFY_SOURCE=2 -Wformat -Werror=format-security  -Wall -Wextra -Wno-missing-field-initializers -Werror=implicit-function-declaration -Werror=implicit-int -fwrapv -DCHECK_FUNCTION_EXISTS=futimes -static-libstdc++ -Wl,--build-id=sha1 -Wl,--no-rosegment -Wl,--fatal-warnings -Wl,--gc-sections -Wl,--no-undefined -Qunused-arguments -Wl,--gc-sections CMakeFiles/cmTC_da50d.dir/CheckFunctionExists.c.o -o cmTC_da50d  -latomic -lm && :
ld: error: undefined symbol: futimes
>>> referenced by CheckFunctionExists.c:17 (/home/user/development/android-sdk/cmake/3.22.1/share/cmake-3.22/Modules/CheckFunctionExists.c:17)
>>>               CMakeFiles/cmTC_da50d.dir/CheckFunctionExists.c.o:(main)
>>> did you mean: utimes
>>> defined in: /home/user/development/android-sdk/ndk/25.1.8937393/toolchains/llvm/prebuilt/linux-x86_64/sysroot/usr/lib/aarch64-linux-android/24/libc.so
clang: error: linker command failed with exit code 1 (use -v to see invocation)
ninja: build stopped: subcommand failed.



Determining if files pthread_np.h exist failed with the following output:
Change Dir: /workspace/projects/MyGBAEmulator/app/.cxx/Debug/62445o3d/arm64-v8a/CMakeFiles/CMakeTmp

Run Build Command(s):/home/user/development/android-sdk/cmake/3.22.1/bin/ninja cmTC_28949 && [1/2] Building C object CMakeFiles/cmTC_28949.dir/HAVE_PTHREAD_NP_H.c.o
FAILED: CMakeFiles/cmTC_28949.dir/HAVE_PTHREAD_NP_H.c.o 
/home/user/development/android-sdk/ndk/25.1.8937393/toolchains/llvm/prebuilt/linux-x86_64/bin/clang --target=aarch64-none-linux-android24 --sysroot=/home/user/development/android-sdk/ndk/25.1.8937393/toolchains/llvm/prebuilt/linux-x86_64/sysroot   -g -DANDROID -fdata-sections -ffunction-sections -funwind-tables -fstack-protector-strong -no-canonical-prefixes -D_FORTIFY_SOURCE=2 -Wformat -Werror=format-security  -Wall -Wextra -Wno-missing-field-initializers -Werror=implicit-function-declaration -Werror=implicit-int -fwrapv -pthread  -fPIE -std=c11 -MD -MT CMakeFiles/cmTC_28949.dir/HAVE_PTHREAD_NP_H.c.o -MF CMakeFiles/cmTC_28949.dir/HAVE_PTHREAD_NP_H.c.o.d -o CMakeFiles/cmTC_28949.dir/HAVE_PTHREAD_NP_H.c.o -c /workspace/projects/MyGBAEmulator/app/.cxx/Debug/62445o3d/arm64-v8a/CMakeFiles/CheckIncludeFiles/HAVE_PTHREAD_NP_H.c
/workspace/projects/MyGBAEmulator/app/.cxx/Debug/62445o3d/arm64-v8a/CMakeFiles/CheckIncludeFiles/HAVE_PTHREAD_NP_H.c:2:10: fatal error: 'pthread_np.h' file not found
#include <pthread_np.h>
         ^~~~~~~~~~~~~~
1 error generated.
ninja: build stopped: subcommand failed.


Source:
/* */
#include <pthread_np.h>


int main(void){return 0;}

Determining if the function pthread_set_name_np exists failed with the following output:
Change Dir: /workspace/projects/MyGBAEmulator/app/.cxx/Debug/62445o3d/arm64-v8a/CMakeFiles/CMakeTmp

Run Build Command(s):/home/user/development/android-sdk/cmake/3.22.1/bin/ninja cmTC_0a4e0 && [1/2] Building C object CMakeFiles/cmTC_0a4e0.dir/CheckFunctionExists.c.o
[2/2] Linking C executable cmTC_0a4e0
FAILED: cmTC_0a4e0 
: && /home/user/development/android-sdk/ndk/25.1.8937393/toolchains/llvm/prebuilt/linux-x86_64/bin/clang --target=aarch64-none-linux-android24 --sysroot=/home/user/development/android-sdk/ndk/25.1.8937393/toolchains/llvm/prebuilt/linux-x86_64/sysroot -g -DANDROID -fdata-sections -ffunction-sections -funwind-tables -fstack-protector-strong -no-canonical-prefixes -D_FORTIFY_SOURCE=2 -Wformat -Werror=format-security  -Wall -Wextra -Wno-missing-field-initializers -Werror=implicit-function-declaration -Werror=implicit-int -fwrapv -pthread -DCHECK_FUNCTION_EXISTS=pthread_set_name_np -static-libstdc++ -Wl,--build-id=sha1 -Wl,--no-rosegment -Wl,--fatal-warnings -Wl,--gc-sections -Wl,--no-undefined -Qunused-arguments -Wl,--gc-sections CMakeFiles/cmTC_0a4e0.dir/CheckFunctionExists.c.o -o cmTC_0a4e0  -latomic -lm && :
ld: error: undefined symbol: pthread_set_name_np
>>> referenced by CheckFunctionExists.c:17 (/home/user/development/android-sdk/cmake/3.22.1/share/cmake-3.22/Modules/CheckFunctionExists.c:17)
>>>               CMakeFiles/cmTC_0a4e0.dir/CheckFunctionExists.c.o:(main)
>>> did you mean: pthread_setname_np
>>> defined in: /home/user/development/android-sdk/ndk/25.1.8937393/toolchains/llvm/prebuilt/linux-x86_64/sysroot/usr/lib/aarch64-linux-android/24/libc.so
clang: error: linker command failed with exit code 1 (use -v to see invocation)
ninja: build stopped: subcommand failed.



Determining if the function crc32 exists failed with the following output:
Change Dir: /workspace/projects/MyGBAEmulator/app/.cxx/Debug/62445o3d/arm64-v8a/CMakeFiles/CMakeTmp

Run Build Command(s):/home/user/development/android-sdk/cmake/3.22.1/bin/ninja cmTC_b94ca && [1/2] Building C object CMakeFiles/cmTC_b94ca.dir/CheckFunctionExists.c.o
[2/2] Linking C executable cmTC_b94ca
FAILED: cmTC_b94ca 
: && /home/user/development/android-sdk/ndk/25.1.8937393/toolchains/llvm/prebuilt/linux-x86_64/bin/clang --target=aarch64-none-linux-android24 --sysroot=/home/user/development/android-sdk/ndk/25.1.8937393/toolchains/llvm/prebuilt/linux-x86_64/sysroot -g -DANDROID -fdata-sections -ffunction-sections -funwind-tables -fstack-protector-strong -no-canonical-prefixes -D_FORTIFY_SOURCE=2 -Wformat -Werror=format-security  -Wall -Wextra -Wno-missing-field-initializers -Werror=implicit-function-declaration -Werror=implicit-int -fwrapv -pthread -DCHECK_FUNCTION_EXISTS=crc32 -static-libstdc++ -Wl,--build-id=sha1 -Wl,--no-rosegment -Wl,--fatal-warnings -Wl,--gc-sections -Wl,--no-undefined -Qunused-arguments -Wl,--gc-sections CMakeFiles/cmTC_b94ca.dir/CheckFunctionExists.c.o -o cmTC_b94ca  -latomic -lm && :
ld: error: undefined symbol: crc32
>>> referenced by CheckFunctionExists.c:17 (/home/user/development/android-sdk/cmake/3.22.1/share/cmake-3.22/Modules/CheckFunctionExists.c:17)
>>>               CMakeFiles/cmTC_b94ca.dir/CheckFunctionExists.c.o:(main)
clang: error: linker command failed with exit code 1 (use -v to see invocation)
ninja: build stopped: subcommand failed.



