The target system is: Android - 1 - aarch64
The host system is: Linux - 7.1.6-201.fc44.x86_64 - x86_64
Compiling the C compiler identification source file "CMakeCCompilerId.c" succeeded.
Compiler: /home/user/development/android-sdk/ndk/25.1.8937393/toolchains/llvm/prebuilt/linux-x86_64/bin/clang 
Build flags: -g;-DANDROID;-fdata-sections;-ffunction-sections;-funwind-tables;-fstack-protector-strong;-no-canonical-prefixes;-D_FORTIFY_SOURCE=2;-Wformat;-Werror=format-security;
Id flags: -c;--target=aarch64-none-linux-android24 

The output was:
0


Compilation of the C compiler identification source "CMakeCCompilerId.c" produced "CMakeCCompilerId.o"

The C compiler identification is Clang, found in "/workspace/projects/MyGBAEmulator/app/.cxx/Debug/62445o3d/arm64-v8a/CMakeFiles/3.22.1-g37088a8/CompilerIdC/CMakeCCompilerId.o"

Compiling the CXX compiler identification source file "CMakeCXXCompilerId.cpp" succeeded.
Compiler: /home/user/development/android-sdk/ndk/25.1.8937393/toolchains/llvm/prebuilt/linux-x86_64/bin/clang++ 
Build flags: -g;-DANDROID;-fdata-sections;-ffunction-sections;-funwind-tables;-fstack-protector-strong;-no-canonical-prefixes;-D_FORTIFY_SOURCE=2;-Wformat;-Werror=format-security;;-std=c++17
Id flags: -c;--target=aarch64-none-linux-android24 

The output was:
0


Compilation of the CXX compiler identification source "CMakeCXXCompilerId.cpp" produced "CMakeCXXCompilerId.o"

The CXX compiler identification is Clang, found in "/workspace/projects/MyGBAEmulator/app/.cxx/Debug/62445o3d/arm64-v8a/CMakeFiles/3.22.1-g37088a8/CompilerIdCXX/CMakeCXXCompilerId.o"

Detecting C compiler ABI info compiled with the following output:
Change Dir: /workspace/projects/MyGBAEmulator/app/.cxx/Debug/62445o3d/arm64-v8a/CMakeFiles/CMakeTmp

Run Build Command(s):/home/user/development/android-sdk/cmake/3.22.1/bin/ninja cmTC_bd361 && [1/2] Building C object CMakeFiles/cmTC_bd361.dir/CMakeCCompilerABI.c.o
Android (8490178, based on r450784d) clang version 14.0.6 (https://android.googlesource.com/toolchain/llvm-project 4c603efb0cca074e9238af8b4106c30add4418f6)
Target: aarch64-none-linux-android24
Thread model: posix
InstalledDir: /home/user/development/android-sdk/ndk/25.1.8937393/toolchains/llvm/prebuilt/linux-x86_64/bin
 (in-process)
 "/home/user/development/android-sdk/ndk/25.1.8937393/toolchains/llvm/prebuilt/linux-x86_64/bin/clang" -cc1 -triple aarch64-none-linux-android24 -emit-obj -mrelax-all --mrelax-relocations -disable-free -clear-ast-before-backend -disable-llvm-verifier -discard-value-names -main-file-name CMakeCCompilerABI.c -mrelocation-model pic -pic-level 2 -pic-is-pie -mframe-pointer=non-leaf -ffp-contract=on -fno-rounding-math -mconstructor-aliases -funwind-tables=2 -target-cpu generic -target-feature +neon -target-feature +v8a -target-feature +fix-cortex-a53-835769 -target-abi aapcs -fallow-half-arguments-and-returns -mllvm -treat-scalable-fixed-error-as-warning -debug-info-kind=constructor -dwarf-version=4 -debugger-tuning=gdb -v -ffunction-sections -fdata-sections -fcoverage-compilation-dir=/workspace/projects/MyGBAEmulator/app/.cxx/Debug/62445o3d/arm64-v8a/CMakeFiles/CMakeTmp -resource-dir /home/user/development/android-sdk/ndk/25.1.8937393/toolchains/llvm/prebuilt/linux-x86_64/lib64/clang/14.0.6 -dependency-file CMakeFiles/cmTC_bd361.dir/CMakeCCompilerABI.c.o.d -MT CMakeFiles/cmTC_bd361.dir/CMakeCCompilerABI.c.o -sys-header-deps -D ANDROID -D _FORTIFY_SOURCE=2 -isysroot /home/user/development/android-sdk/ndk/25.1.8937393/toolchains/llvm/prebuilt/linux-x86_64/sysroot -internal-isystem /home/user/development/android-sdk/ndk/25.1.8937393/toolchains/llvm/prebuilt/linux-x86_64/lib64/clang/14.0.6/include -internal-isystem /home/user/development/android-sdk/ndk/25.1.8937393/toolchains/llvm/prebuilt/linux-x86_64/sysroot/usr/local/include -internal-externc-isystem /home/user/development/android-sdk/ndk/25.1.8937393/toolchains/llvm/prebuilt/linux-x86_64/sysroot/usr/include/aarch64-linux-android -internal-externc-isystem /home/user/development/android-sdk/ndk/25.1.8937393/toolchains/llvm/prebuilt/linux-x86_64/sysroot/include -internal-externc-isystem /home/user/development/android-sdk/ndk/25.1.8937393/toolchains/llvm/prebuilt/linux-x86_64/sysroot/usr/include -Wformat -fdebug-compilation-dir=/workspace/projects/MyGBAEmulator/app/.cxx/Debug/62445o3d/arm64-v8a/CMakeFiles/CMakeTmp -ferror-limit 19 -stack-protector 2 -fno-signed-char -fgnuc-version=4.2.1 -target-feature +outline-atomics -D__GCC_HAVE_DWARF2_CFI_ASM=1 -o CMakeFiles/cmTC_bd361.dir/CMakeCCompilerABI.c.o -x c /home/user/development/android-sdk/cmake/3.22.1/share/cmake-3.22/Modules/CMakeCCompilerABI.c
clang -cc1 version 14.0.6 based upon LLVM 14.0.6git default target x86_64-unknown-linux-gnu
ignoring nonexistent directory "/home/user/development/android-sdk/ndk/25.1.8937393/toolchains/llvm/prebuilt/linux-x86_64/sysroot/include"
#include "..." search starts here:
#include <...> search starts here:
 /home/user/development/android-sdk/ndk/25.1.8937393/toolchains/llvm/prebuilt/linux-x86_64/lib64/clang/14.0.6/include
 /home/user/development/android-sdk/ndk/25.1.8937393/toolchains/llvm/prebuilt/linux-x86_64/sysroot/usr/local/include
 /home/user/development/android-sdk/ndk/25.1.8937393/toolchains/llvm/prebuilt/linux-x86_64/sysroot/usr/include/aarch64-linux-android
 /home/user/development/android-sdk/ndk/25.1.8937393/toolchains/llvm/prebuilt/linux-x86_64/sysroot/usr/include
End of search list.
[2/2] Linking C executable cmTC_bd361
Android (8490178, based on r450784d) clang version 14.0.6 (https://android.googlesource.com/toolchain/llvm-project 4c603efb0cca074e9238af8b4106c30add4418f6)
Target: aarch64-none-linux-android24
Thread model: posix
InstalledDir: /home/user/development/android-sdk/ndk/25.1.8937393/toolchains/llvm/prebuilt/linux-x86_64/bin
 "/home/user/development/android-sdk/ndk/25.1.8937393/toolchains/llvm/prebuilt/linux-x86_64/bin/ld" --sysroot=/home/user/development/android-sdk/ndk/25.1.8937393/toolchains/llvm/prebuilt/linux-x86_64/sysroot -pie -EL --fix-cortex-a53-843419 --warn-shared-textrel -z now -z relro -z max-page-size=4096 --hash-style=gnu --enable-new-dtags --eh-frame-hdr -m aarch64linux -dynamic-linker /system/bin/linker64 -o cmTC_bd361 /home/user/development/android-sdk/ndk/25.1.8937393/toolchains/llvm/prebuilt/linux-x86_64/sysroot/usr/lib/aarch64-linux-android/24/crtbegin_dynamic.o -L/home/user/development/android-sdk/ndk/25.1.8937393/toolchains/llvm/prebuilt/linux-x86_64/lib64/clang/14.0.6/lib/linux/aarch64 -L/home/user/development/android-sdk/ndk/25.1.8937393/toolchains/llvm/prebuilt/linux-x86_64/sysroot/usr/lib/aarch64-linux-android/24 -L/home/user/development/android-sdk/ndk/25.1.8937393/toolchains/llvm/prebuilt/linux-x86_64/sysroot/usr/lib/aarch64-linux-android -L/home/user/development/android-sdk/ndk/25.1.8937393/toolchains/llvm/prebuilt/linux-x86_64/sysroot/usr/lib --build-id=sha1 --no-rosegment --fatal-warnings --gc-sections --no-undefined --gc-sections CMakeFiles/cmTC_bd361.dir/CMakeCCompilerABI.c.o /home/user/development/android-sdk/ndk/25.1.8937393/toolchains/llvm/prebuilt/linux-x86_64/lib64/clang/14.0.6/lib/linux/libclang_rt.builtins-aarch64-android.a -l:libunwind.a -ldl -lc /home/user/development/android-sdk/ndk/25.1.8937393/toolchains/llvm/prebuilt/linux-x86_64/lib64/clang/14.0.6/lib/linux/libclang_rt.builtins-aarch64-android.a -l:libunwind.a -ldl /home/user/development/android-sdk/ndk/25.1.8937393/toolchains/llvm/prebuilt/linux-x86_64/sysroot/usr/lib/aarch64-linux-android/24/crtend_android.o



Parsed C implicit include dir info from above output: rv=done
  found start of include info
  found start of implicit include info
    add: [/home/user/development/android-sdk/ndk/25.1.8937393/toolchains/llvm/prebuilt/linux-x86_64/lib64/clang/14.0.6/include]
    add: [/home/user/development/android-sdk/ndk/25.1.8937393/toolchains/llvm/prebuilt/linux-x86_64/sysroot/usr/local/include]
    add: [/home/user/development/android-sdk/ndk/25.1.8937393/toolchains/llvm/prebuilt/linux-x86_64/sysroot/usr/include/aarch64-linux-android]
    add: [/home/user/development/android-sdk/ndk/25.1.8937393/toolchains/llvm/prebuilt/linux-x86_64/sysroot/usr/include]
  end of search list found
  collapse include dir [/home/user/development/android-sdk/ndk/25.1.8937393/toolchains/llvm/prebuilt/linux-x86_64/lib64/clang/14.0.6/include] ==> [/home/user/development/android-sdk/ndk/25.1.8937393/toolchains/llvm/prebuilt/linux-x86_64/lib64/clang/14.0.6/include]
  collapse include dir [/home/user/development/android-sdk/ndk/25.1.8937393/toolchains/llvm/prebuilt/linux-x86_64/sysroot/usr/local/include] ==> [/home/user/development/android-sdk/ndk/25.1.8937393/toolchains/llvm/prebuilt/linux-x86_64/sysroot/usr/local/include]
  collapse include dir [/home/user/development/android-sdk/ndk/25.1.8937393/toolchains/llvm/prebuilt/linux-x86_64/sysroot/usr/include/aarch64-linux-android] ==> [/home/user/development/android-sdk/ndk/25.1.8937393/toolchains/llvm/prebuilt/linux-x86_64/sysroot/usr/include/aarch64-linux-android]
  collapse include dir [/home/user/development/android-sdk/ndk/25.1.8937393/toolchains/llvm/prebuilt/linux-x86_64/sysroot/usr/include] ==> [/home/user/development/android-sdk/ndk/25.1.8937393/toolchains/llvm/prebuilt/linux-x86_64/sysroot/usr/include]
  implicit include dirs: [/home/user/development/android-sdk/ndk/25.1.8937393/toolchains/llvm/prebuilt/linux-x86_64/lib64/clang/14.0.6/include;/home/user/development/android-sdk/ndk/25.1.8937393/toolchains/llvm/prebuilt/linux-x86_64/sysroot/usr/local/include;/home/user/development/android-sdk/ndk/25.1.8937393/toolchains/llvm/prebuilt/linux-x86_64/sysroot/usr/include/aarch64-linux-android;/home/user/development/android-sdk/ndk/25.1.8937393/toolchains/llvm/prebuilt/linux-x86_64/sysroot/usr/include]


Parsed C implicit link information from above output:
  link line regex: [^( *|.*[/\])(ld\.lld|CMAKE_LINK_STARTFILE-NOTFOUND|([^/\]+-)?ld|collect2)[^/\]*( |$)]
  ignore line: [Change Dir: /workspace/projects/MyGBAEmulator/app/.cxx/Debug/62445o3d/arm64-v8a/CMakeFiles/CMakeTmp]
  ignore line: []
  ignore line: [Run Build Command(s):/home/user/development/android-sdk/cmake/3.22.1/bin/ninja cmTC_bd361 && [1/2] Building C object CMakeFiles/cmTC_bd361.dir/CMakeCCompilerABI.c.o]
  ignore line: [Android (8490178  based on r450784d) clang version 14.0.6 (https://android.googlesource.com/toolchain/llvm-project 4c603efb0cca074e9238af8b4106c30add4418f6)]
  ignore line: [Target: aarch64-none-linux-android24]
  ignore line: [Thread model: posix]
  ignore line: [InstalledDir: /home/user/development/android-sdk/ndk/25.1.8937393/toolchains/llvm/prebuilt/linux-x86_64/bin]
  ignore line: [ (in-process)]
  ignore line: [ "/home/user/development/android-sdk/ndk/25.1.8937393/toolchains/llvm/prebuilt/linux-x86_64/bin/clang" -cc1 -triple aarch64-none-linux-android24 -emit-obj -mrelax-all --mrelax-relocations -disable-free -clear-ast-before-backend -disable-llvm-verifier -discard-value-names -main-file-name CMakeCCompilerABI.c -mrelocation-model pic -pic-level 2 -pic-is-pie -mframe-pointer=non-leaf -ffp-contract=on -fno-rounding-math -mconstructor-aliases -funwind-tables=2 -target-cpu generic -target-feature +neon -target-feature +v8a -target-feature +fix-cortex-a53-835769 -target-abi aapcs -fallow-half-arguments-and-returns -mllvm -treat-scalable-fixed-error-as-warning -debug-info-kind=constructor -dwarf-version=4 -debugger-tuning=gdb -v -ffunction-sections -fdata-sections -fcoverage-compilation-dir=/workspace/projects/MyGBAEmulator/app/.cxx/Debug/62445o3d/arm64-v8a/CMakeFiles/CMakeTmp -resource-dir /home/user/development/android-sdk/ndk/25.1.8937393/toolchains/llvm/prebuilt/linux-x86_64/lib64/clang/14.0.6 -dependency-file CMakeFiles/cmTC_bd361.dir/CMakeCCompilerABI.c.o.d -MT CMakeFiles/cmTC_bd361.dir/CMakeCCompilerABI.c.o -sys-header-deps -D ANDROID -D _FORTIFY_SOURCE=2 -isysroot /home/user/development/android-sdk/ndk/25.1.8937393/toolchains/llvm/prebuilt/linux-x86_64/sysroot -internal-isystem /home/user/development/android-sdk/ndk/25.1.8937393/toolchains/llvm/prebuilt/linux-x86_64/lib64/clang/14.0.6/include -internal-isystem /home/user/development/android-sdk/ndk/25.1.8937393/toolchains/llvm/prebuilt/linux-x86_64/sysroot/usr/local/include -internal-externc-isystem /home/user/development/android-sdk/ndk/25.1.8937393/toolchains/llvm/prebuilt/linux-x86_64/sysroot/usr/include/aarch64-linux-android -internal-externc-isystem /home/user/development/android-sdk/ndk/25.1.8937393/toolchains/llvm/prebuilt/linux-x86_64/sysroot/include -internal-externc-isystem /home/user/development/android-sdk/ndk/25.1.8937393/toolchains/llvm/prebuilt/linux-x86_64/sysroot/usr/include -Wformat -fdebug-compilation-dir=/workspace/projects/MyGBAEmulator/app/.cxx/Debug/62445o3d/arm64-v8a/CMakeFiles/CMakeTmp -ferror-limit 19 -stack-protector 2 -fno-signed-char -fgnuc-version=4.2.1 -target-feature +outline-atomics -D__GCC_HAVE_DWARF2_CFI_ASM=1 -o CMakeFiles/cmTC_bd361.dir/CMakeCCompilerABI.c.o -x c /home/user/development/android-sdk/cmake/3.22.1/share/cmake-3.22/Modules/CMakeCCompilerABI.c]
  ignore line: [clang -cc1 version 14.0.6 based upon LLVM 14.0.6git default target x86_64-unknown-linux-gnu]
  ignore line: [ignoring nonexistent directory "/home/user/development/android-sdk/ndk/25.1.8937393/toolchains/llvm/prebuilt/linux-x86_64/sysroot/include"]
  ignore line: [#include "..." search starts here:]
  ignore line: [#include <...> search starts here:]
  ignore line: [ /home/user/development/android-sdk/ndk/25.1.8937393/toolchains/llvm/prebuilt/linux-x86_64/lib64/clang/14.0.6/include]
  ignore line: [ /home/user/development/android-sdk/ndk/25.1.8937393/toolchains/llvm/prebuilt/linux-x86_64/sysroot/usr/local/include]
  ignore line: [ /home/user/development/android-sdk/ndk/25.1.8937393/toolchains/llvm/prebuilt/linux-x86_64/sysroot/usr/include/aarch64-linux-android]
  ignore line: [ /home/user/development/android-sdk/ndk/25.1.8937393/toolchains/llvm/prebuilt/linux-x86_64/sysroot/usr/include]
  ignore line: [End of search list.]
  ignore line: [[2/2] Linking C executable cmTC_bd361]
  ignore line: [Android (8490178  based on r450784d) clang version 14.0.6 (https://android.googlesource.com/toolchain/llvm-project 4c603efb0cca074e9238af8b4106c30add4418f6)]
  ignore line: [Target: aarch64-none-linux-android24]
  ignore line: [Thread model: posix]
  ignore line: [InstalledDir: /home/user/development/android-sdk/ndk/25.1.8937393/toolchains/llvm/prebuilt/linux-x86_64/bin]
  link line: [ "/home/user/development/android-sdk/ndk/25.1.8937393/toolchains/llvm/prebuilt/linux-x86_64/bin/ld" --sysroot=/home/user/development/android-sdk/ndk/25.1.8937393/toolchains/llvm/prebuilt/linux-x86_64/sysroot -pie -EL --fix-cortex-a53-843419 --warn-shared-textrel -z now -z relro -z max-page-size=4096 --hash-style=gnu --enable-new-dtags --eh-frame-hdr -m aarch64linux -dynamic-linker /system/bin/linker64 -o cmTC_bd361 /home/user/development/android-sdk/ndk/25.1.8937393/toolchains/llvm/prebuilt/linux-x86_64/sysroot/usr/lib/aarch64-linux-android/24/crtbegin_dynamic.o -L/home/user/development/android-sdk/ndk/25.1.8937393/toolchains/llvm/prebuilt/linux-x86_64/lib64/clang/14.0.6/lib/linux/aarch64 -L/home/user/development/android-sdk/ndk/25.1.8937393/toolchains/llvm/prebuilt/linux-x86_64/sysroot/usr/lib/aarch64-linux-android/24 -L/home/user/development/android-sdk/ndk/25.1.8937393/toolchains/llvm/prebuilt/linux-x86_64/sysroot/usr/lib/aarch64-linux-android -L/home/user/development/android-sdk/ndk/25.1.8937393/toolchains/llvm/prebuilt/linux-x86_64/sysroot/usr/lib --build-id=sha1 --no-rosegment --fatal-warnings --gc-sections --no-undefined --gc-sections CMakeFiles/cmTC_bd361.dir/CMakeCCompilerABI.c.o /home/user/development/android-sdk/ndk/25.1.8937393/toolchains/llvm/prebuilt/linux-x86_64/lib64/clang/14.0.6/lib/linux/libclang_rt.builtins-aarch64-android.a -l:libunwind.a -ldl -lc /home/user/development/android-sdk/ndk/25.1.8937393/toolchains/llvm/prebuilt/linux-x86_64/lib64/clang/14.0.6/lib/linux/libclang_rt.builtins-aarch64-android.a -l:libunwind.a -ldl /home/user/development/android-sdk/ndk/25.1.8937393/toolchains/llvm/prebuilt/linux-x86_64/sysroot/usr/lib/aarch64-linux-android/24/crtend_android.o]
    arg [/home/user/development/android-sdk/ndk/25.1.8937393/toolchains/llvm/prebuilt/linux-x86_64/bin/ld] ==> ignore
    arg [--sysroot=/home/user/development/android-sdk/ndk/25.1.8937393/toolchains/llvm/prebuilt/linux-x86_64/sysroot] ==> ignore
    arg [-pie] ==> ignore
    arg [-EL] ==> ignore
    arg [--fix-cortex-a53-843419] ==> ignore
    arg [--warn-shared-textrel] ==> ignore
    arg [-znow] ==> ignore
    arg [-zrelro] ==> ignore
    arg [-zmax-page-size=4096] ==> ignore
    arg [--hash-style=gnu] ==> ignore
    arg [--enable-new-dtags] ==> ignore
    arg [--eh-frame-hdr] ==> ignore
    arg [-m] ==> ignore
    arg [aarch64linux] ==> ignore
    arg [-dynamic-linker] ==> ignore
    arg [/system/bin/linker64] ==> ignore
    arg [-o] ==> ignore
    arg [cmTC_bd361] ==> ignore
    arg [/home/user/development/android-sdk/ndk/25.1.8937393/toolchains/llvm/prebuilt/linux-x86_64/sysroot/usr/lib/aarch64-linux-android/24/crtbegin_dynamic.o] ==> obj [/home/user/development/android-sdk/ndk/25.1.8937393/toolchains/llvm/prebuilt/linux-x86_64/sysroot/usr/lib/aarch64-linux-android/24/crtbegin_dynamic.o]
    arg [-L/home/user/development/android-sdk/ndk/25.1.8937393/toolchains/llvm/prebuilt/linux-x86_64/lib64/clang/14.0.6/lib/linux/aarch64] ==> dir [/home/user/development/android-sdk/ndk/25.1.8937393/toolchains/llvm/prebuilt/linux-x86_64/lib64/clang/14.0.6/lib/linux/aarch64]
    arg [-L/home/user/development/android-sdk/ndk/25.1.8937393/toolchains/llvm/prebuilt/linux-x86_64/sysroot/usr/lib/aarch64-linux-android/24] ==> dir [/home/user/development/android-sdk/ndk/25.1.8937393/toolchains/llvm/prebuilt/linux-x86_64/sysroot/usr/lib/aarch64-linux-android/24]
    arg [-L/home/user/development/android-sdk/ndk/25.1.8937393/toolchains/llvm/prebuilt/linux-x86_64/sysroot/usr/lib/aarch64-linux-android] ==> dir [/home/user/development/android-sdk/ndk/25.1.8937393/toolchains/llvm/prebuilt/linux-x86_64/sysroot/usr/lib/aarch64-linux-android]
    arg [-L/home/user/development/android-sdk/ndk/25.1.8937393/toolchains/llvm/prebuilt/linux-x86_64/sysroot/usr/lib] ==> dir [/home/user/development/android-sdk/ndk/25.1.8937393/toolchains/llvm/prebuilt/linux-x86_64/sysroot/usr/lib]
    arg [--build-id=sha1] ==> ignore
    arg [--no-rosegment] ==> ignore
    arg [--fatal-warnings] ==> ignore
    arg [--gc-sections] ==> ignore
    arg [--no-undefined] ==> ignore
    arg [--gc-sections] ==> ignore
    arg [CMakeFiles/cmTC_bd361.dir/CMakeCCompilerABI.c.o] ==> ignore
    arg [/home/user/development/android-sdk/ndk/25.1.8937393/toolchains/llvm/prebuilt/linux-x86_64/lib64/clang/14.0.6/lib/linux/libclang_rt.builtins-aarch64-android.a] ==> lib [/home/user/development/android-sdk/ndk/25.1.8937393/toolchains/llvm/prebuilt/linux-x86_64/lib64/clang/14.0.6/lib/linux/libclang_rt.builtins-aarch64-android.a]
    arg [-l:libunwind.a] ==> lib [-l:libunwind.a]
    arg [-ldl] ==> lib [dl]
    arg [-lc] ==> lib [c]
    arg [/home/user/development/android-sdk/ndk/25.1.8937393/toolchains/llvm/prebuilt/linux-x86_64/lib64/clang/14.0.6/lib/linux/libclang_rt.builtins-aarch64-android.a] ==> lib [/home/user/development/android-sdk/ndk/25.1.8937393/toolchains/llvm/prebuilt/linux-x86_64/lib64/clang/14.0.6/lib/linux/libclang_rt.builtins-aarch64-android.a]
    arg [-l:libunwind.a] ==> lib [-l:libunwind.a]
    arg [-ldl] ==> lib [dl]
    arg [/home/user/development/android-sdk/ndk/25.1.8937393/toolchains/llvm/prebuilt/linux-x86_64/sysroot/usr/lib/aarch64-linux-android/24/crtend_android.o] ==> obj [/home/user/development/android-sdk/ndk/25.1.8937393/toolchains/llvm/prebuilt/linux-x86_64/sysroot/usr/lib/aarch64-linux-android/24/crtend_android.o]
  remove lib [/home/user/development/android-sdk/ndk/25.1.8937393/toolchains/llvm/prebuilt/linux-x86_64/lib64/clang/14.0.6/lib/linux/libclang_rt.builtins-aarch64-android.a]
  remove lib [/home/user/development/android-sdk/ndk/25.1.8937393/toolchains/llvm/prebuilt/linux-x86_64/lib64/clang/14.0.6/lib/linux/libclang_rt.builtins-aarch64-android.a]
  collapse library dir [/home/user/development/android-sdk/ndk/25.1.8937393/toolchains/llvm/prebuilt/linux-x86_64/lib64/clang/14.0.6/lib/linux/aarch64] ==> [/home/user/development/android-sdk/ndk/25.1.8937393/toolchains/llvm/prebuilt/linux-x86_64/lib64/clang/14.0.6/lib/linux/aarch64]
  collapse library dir [/home/user/development/android-sdk/ndk/25.1.8937393/toolchains/llvm/prebuilt/linux-x86_64/sysroot/usr/lib/aarch64-linux-android/24] ==> [/home/user/development/android-sdk/ndk/25.1.8937393/toolchains/llvm/prebuilt/linux-x86_64/sysroot/usr/lib/aarch64-linux-android/24]
  collapse library dir [/home/user/development/android-sdk/ndk/25.1.8937393/toolchains/llvm/prebuilt/linux-x86_64/sysroot/usr/lib/aarch64-linux-android] ==> [/home/user/development/android-sdk/ndk/25.1.8937393/toolchains/llvm/prebuilt/linux-x86_64/sysroot/usr/lib/aarch64-linux-android]
  collapse library dir [/home/user/development/android-sdk/ndk/25.1.8937393/toolchains/llvm/prebuilt/linux-x86_64/sysroot/usr/lib] ==> [/home/user/development/android-sdk/ndk/25.1.8937393/toolchains/llvm/prebuilt/linux-x86_64/sysroot/usr/lib]
  implicit libs: [-l:libunwind.a;dl;c;-l:libunwind.a;dl]
  implicit objs: [/home/user/development/android-sdk/ndk/25.1.8937393/toolchains/llvm/prebuilt/linux-x86_64/sysroot/usr/lib/aarch64-linux-android/24/crtbegin_dynamic.o;/home/user/development/android-sdk/ndk/25.1.8937393/toolchains/llvm/prebuilt/linux-x86_64/sysroot/usr/lib/aarch64-linux-android/24/crtend_android.o]
  implicit dirs: [/home/user/development/android-sdk/ndk/25.1.8937393/toolchains/llvm/prebuilt/linux-x86_64/lib64/clang/14.0.6/lib/linux/aarch64;/home/user/development/android-sdk/ndk/25.1.8937393/toolchains/llvm/prebuilt/linux-x86_64/sysroot/usr/lib/aarch64-linux-android/24;/home/user/development/android-sdk/ndk/25.1.8937393/toolchains/llvm/prebuilt/linux-x86_64/sysroot/usr/lib/aarch64-linux-android;/home/user/development/android-sdk/ndk/25.1.8937393/toolchains/llvm/prebuilt/linux-x86_64/sysroot/usr/lib]
  implicit fwks: []


Detecting CXX compiler ABI info compiled with the following output:
Change Dir: /workspace/projects/MyGBAEmulator/app/.cxx/Debug/62445o3d/arm64-v8a/CMakeFiles/CMakeTmp

Run Build Command(s):/home/user/development/android-sdk/cmake/3.22.1/bin/ninja cmTC_2f552 && [1/2] Building CXX object CMakeFiles/cmTC_2f552.dir/CMakeCXXCompilerABI.cpp.o
Android (8490178, based on r450784d) clang version 14.0.6 (https://android.googlesource.com/toolchain/llvm-project 4c603efb0cca074e9238af8b4106c30add4418f6)
Target: aarch64-none-linux-android24
Thread model: posix
InstalledDir: /home/user/development/android-sdk/ndk/25.1.8937393/toolchains/llvm/prebuilt/linux-x86_64/bin
 (in-process)
 "/home/user/development/android-sdk/ndk/25.1.8937393/toolchains/llvm/prebuilt/linux-x86_64/bin/clang++" -cc1 -triple aarch64-none-linux-android24 -emit-obj -mrelax-all --mrelax-relocations -disable-free -clear-ast-before-backend -disable-llvm-verifier -discard-value-names -main-file-name CMakeCXXCompilerABI.cpp -mrelocation-model pic -pic-level 2 -pic-is-pie -mframe-pointer=non-leaf -ffp-contract=on -fno-rounding-math -mconstructor-aliases -funwind-tables=2 -target-cpu generic -target-feature +neon -target-feature +v8a -target-feature +fix-cortex-a53-835769 -target-abi aapcs -fallow-half-arguments-and-returns -mllvm -treat-scalable-fixed-error-as-warning -debug-info-kind=constructor -dwarf-version=4 -debugger-tuning=gdb -v -ffunction-sections -fdata-sections -fcoverage-compilation-dir=/workspace/projects/MyGBAEmulator/app/.cxx/Debug/62445o3d/arm64-v8a/CMakeFiles/CMakeTmp -resource-dir /home/user/development/android-sdk/ndk/25.1.8937393/toolchains/llvm/prebuilt/linux-x86_64/lib64/clang/14.0.6 -dependency-file CMakeFiles/cmTC_2f552.dir/CMakeCXXCompilerABI.cpp.o.d -MT CMakeFiles/cmTC_2f552.dir/CMakeCXXCompilerABI.cpp.o -sys-header-deps -D ANDROID -D _FORTIFY_SOURCE=2 -isysroot /home/user/development/android-sdk/ndk/25.1.8937393/toolchains/llvm/prebuilt/linux-x86_64/sysroot -internal-isystem /home/user/development/android-sdk/ndk/25.1.8937393/toolchains/llvm/prebuilt/linux-x86_64/sysroot/usr/include/c++/v1 -internal-isystem /home/user/development/android-sdk/ndk/25.1.8937393/toolchains/llvm/prebuilt/linux-x86_64/lib64/clang/14.0.6/include -internal-isystem /home/user/development/android-sdk/ndk/25.1.8937393/toolchains/llvm/prebuilt/linux-x86_64/sysroot/usr/local/include -internal-externc-isystem /home/user/development/android-sdk/ndk/25.1.8937393/toolchains/llvm/prebuilt/linux-x86_64/sysroot/usr/include/aarch64-linux-android -internal-externc-isystem /home/user/development/android-sdk/ndk/25.1.8937393/toolchains/llvm/prebuilt/linux-x86_64/sysroot/include -internal-externc-isystem /home/user/development/android-sdk/ndk/25.1.8937393/toolchains/llvm/prebuilt/linux-x86_64/sysroot/usr/include -Wformat -std=c++17 -fdeprecated-macro -fdebug-compilation-dir=/workspace/projects/MyGBAEmulator/app/.cxx/Debug/62445o3d/arm64-v8a/CMakeFiles/CMakeTmp -ferror-limit 19 -stack-protector 2 -fno-signed-char -fgnuc-version=4.2.1 -fcxx-exceptions -fexceptions -target-feature +outline-atomics -D__GCC_HAVE_DWARF2_CFI_ASM=1 -o CMakeFiles/cmTC_2f552.dir/CMakeCXXCompilerABI.cpp.o -x c++ /home/user/development/android-sdk/cmake/3.22.1/share/cmake-3.22/Modules/CMakeCXXCompilerABI.cpp
clang -cc1 version 14.0.6 based upon LLVM 14.0.6git default target x86_64-unknown-linux-gnu
ignoring nonexistent directory "/home/user/development/android-sdk/ndk/25.1.8937393/toolchains/llvm/prebuilt/linux-x86_64/sysroot/include"
#include "..." search starts here:
#include <...> search starts here:
 /home/user/development/android-sdk/ndk/25.1.8937393/toolchains/llvm/prebuilt/linux-x86_64/sysroot/usr/include/c++/v1
 /home/user/development/android-sdk/ndk/25.1.8937393/toolchains/llvm/prebuilt/linux-x86_64/lib64/clang/14.0.6/include
 /home/user/development/android-sdk/ndk/25.1.8937393/toolchains/llvm/prebuilt/linux-x86_64/sysroot/usr/local/include
 /home/user/development/android-sdk/ndk/25.1.8937393/toolchains/llvm/prebuilt/linux-x86_64/sysroot/usr/include/aarch64-linux-android
 /home/user/development/android-sdk/ndk/25.1.8937393/toolchains/llvm/prebuilt/linux-x86_64/sysroot/usr/include
End of search list.
[2/2] Linking CXX executable cmTC_2f552
Android (8490178, based on r450784d) clang version 14.0.6 (https://android.googlesource.com/toolchain/llvm-project 4c603efb0cca074e9238af8b4106c30add4418f6)
Target: aarch64-none-linux-android24
Thread model: posix
InstalledDir: /home/user/development/android-sdk/ndk/25.1.8937393/toolchains/llvm/prebuilt/linux-x86_64/bin
 "/home/user/development/android-sdk/ndk/25.1.8937393/toolchains/llvm/prebuilt/linux-x86_64/bin/ld" --sysroot=/home/user/development/android-sdk/ndk/25.1.8937393/toolchains/llvm/prebuilt/linux-x86_64/sysroot -pie -EL --fix-cortex-a53-843419 --warn-shared-textrel -z now -z relro -z max-page-size=4096 --hash-style=gnu --enable-new-dtags --eh-frame-hdr -m aarch64linux -dynamic-linker /system/bin/linker64 -o cmTC_2f552 /home/user/development/android-sdk/ndk/25.1.8937393/toolchains/llvm/prebuilt/linux-x86_64/sysroot/usr/lib/aarch64-linux-android/24/crtbegin_dynamic.o -L/home/user/development/android-sdk/ndk/25.1.8937393/toolchains/llvm/prebuilt/linux-x86_64/lib64/clang/14.0.6/lib/linux/aarch64 -L/home/user/development/android-sdk/ndk/25.1.8937393/toolchains/llvm/prebuilt/linux-x86_64/sysroot/usr/lib/aarch64-linux-android/24 -L/home/user/development/android-sdk/ndk/25.1.8937393/toolchains/llvm/prebuilt/linux-x86_64/sysroot/usr/lib/aarch64-linux-android -L/home/user/development/android-sdk/ndk/25.1.8937393/toolchains/llvm/prebuilt/linux-x86_64/sysroot/usr/lib --build-id=sha1 --no-rosegment --fatal-warnings --gc-sections --no-undefined --gc-sections CMakeFiles/cmTC_2f552.dir/CMakeCXXCompilerABI.cpp.o -Bstatic -lc++ -Bdynamic -lm /home/user/development/android-sdk/ndk/25.1.8937393/toolchains/llvm/prebuilt/linux-x86_64/lib64/clang/14.0.6/lib/linux/libclang_rt.builtins-aarch64-android.a -l:libunwind.a -ldl -lc /home/user/development/android-sdk/ndk/25.1.8937393/toolchains/llvm/prebuilt/linux-x86_64/lib64/clang/14.0.6/lib/linux/libclang_rt.builtins-aarch64-android.a -l:libunwind.a -ldl /home/user/development/android-sdk/ndk/25.1.8937393/toolchains/llvm/prebuilt/linux-x86_64/sysroot/usr/lib/aarch64-linux-android/24/crtend_android.o



Parsed CXX implicit include dir info from above output: rv=done
  found start of include info
  found start of implicit include info
    add: [/home/user/development/android-sdk/ndk/25.1.8937393/toolchains/llvm/prebuilt/linux-x86_64/sysroot/usr/include/c++/v1]
    add: [/home/user/development/android-sdk/ndk/25.1.8937393/toolchains/llvm/prebuilt/linux-x86_64/lib64/clang/14.0.6/include]
    add: [/home/user/development/android-sdk/ndk/25.1.8937393/toolchains/llvm/prebuilt/linux-x86_64/sysroot/usr/local/include]
    add: [/home/user/development/android-sdk/ndk/25.1.8937393/toolchains/llvm/prebuilt/linux-x86_64/sysroot/usr/include/aarch64-linux-android]
    add: [/home/user/development/android-sdk/ndk/25.1.8937393/toolchains/llvm/prebuilt/linux-x86_64/sysroot/usr/include]
  end of search list found
  collapse include dir [/home/user/development/android-sdk/ndk/25.1.8937393/toolchains/llvm/prebuilt/linux-x86_64/sysroot/usr/include/c++/v1] ==> [/home/user/development/android-sdk/ndk/25.1.8937393/toolchains/llvm/prebuilt/linux-x86_64/sysroot/usr/include/c++/v1]
  collapse include dir [/home/user/development/android-sdk/ndk/25.1.8937393/toolchains/llvm/prebuilt/linux-x86_64/lib64/clang/14.0.6/include] ==> [/home/user/development/android-sdk/ndk/25.1.8937393/toolchains/llvm/prebuilt/linux-x86_64/lib64/clang/14.0.6/include]
  collapse include dir [/home/user/development/android-sdk/ndk/25.1.8937393/toolchains/llvm/prebuilt/linux-x86_64/sysroot/usr/local/include] ==> [/home/user/development/android-sdk/ndk/25.1.8937393/toolchains/llvm/prebuilt/linux-x86_64/sysroot/usr/local/include]
  collapse include dir [/home/user/development/android-sdk/ndk/25.1.8937393/toolchains/llvm/prebuilt/linux-x86_64/sysroot/usr/include/aarch64-linux-android] ==> [/home/user/development/android-sdk/ndk/25.1.8937393/toolchains/llvm/prebuilt/linux-x86_64/sysroot/usr/include/aarch64-linux-android]
  collapse include dir [/home/user/development/android-sdk/ndk/25.1.8937393/toolchains/llvm/prebuilt/linux-x86_64/sysroot/usr/include] ==> [/home/user/development/android-sdk/ndk/25.1.8937393/toolchains/llvm/prebuilt/linux-x86_64/sysroot/usr/include]
  implicit include dirs: [/home/user/development/android-sdk/ndk/25.1.8937393/toolchains/llvm/prebuilt/linux-x86_64/sysroot/usr/include/c++/v1;/home/user/development/android-sdk/ndk/25.1.8937393/toolchains/llvm/prebuilt/linux-x86_64/lib64/clang/14.0.6/include;/home/user/development/android-sdk/ndk/25.1.8937393/toolchains/llvm/prebuilt/linux-x86_64/sysroot/usr/local/include;/home/user/development/android-sdk/ndk/25.1.8937393/toolchains/llvm/prebuilt/linux-x86_64/sysroot/usr/include/aarch64-linux-android;/home/user/development/android-sdk/ndk/25.1.8937393/toolchains/llvm/prebuilt/linux-x86_64/sysroot/usr/include]


Parsed CXX implicit link information from above output:
  link line regex: [^( *|.*[/\])(ld\.lld|CMAKE_LINK_STARTFILE-NOTFOUND|([^/\]+-)?ld|collect2)[^/\]*( |$)]
  ignore line: [Change Dir: /workspace/projects/MyGBAEmulator/app/.cxx/Debug/62445o3d/arm64-v8a/CMakeFiles/CMakeTmp]
  ignore line: []
  ignore line: [Run Build Command(s):/home/user/development/android-sdk/cmake/3.22.1/bin/ninja cmTC_2f552 && [1/2] Building CXX object CMakeFiles/cmTC_2f552.dir/CMakeCXXCompilerABI.cpp.o]
  ignore line: [Android (8490178  based on r450784d) clang version 14.0.6 (https://android.googlesource.com/toolchain/llvm-project 4c603efb0cca074e9238af8b4106c30add4418f6)]
  ignore line: [Target: aarch64-none-linux-android24]
  ignore line: [Thread model: posix]
  ignore line: [InstalledDir: /home/user/development/android-sdk/ndk/25.1.8937393/toolchains/llvm/prebuilt/linux-x86_64/bin]
  ignore line: [ (in-process)]
  ignore line: [ "/home/user/development/android-sdk/ndk/25.1.8937393/toolchains/llvm/prebuilt/linux-x86_64/bin/clang++" -cc1 -triple aarch64-none-linux-android24 -emit-obj -mrelax-all --mrelax-relocations -disable-free -clear-ast-before-backend -disable-llvm-verifier -discard-value-names -main-file-name CMakeCXXCompilerABI.cpp -mrelocation-model pic -pic-level 2 -pic-is-pie -mframe-pointer=non-leaf -ffp-contract=on -fno-rounding-math -mconstructor-aliases -funwind-tables=2 -target-cpu generic -target-feature +neon -target-feature +v8a -target-feature +fix-cortex-a53-835769 -target-abi aapcs -fallow-half-arguments-and-returns -mllvm -treat-scalable-fixed-error-as-warning -debug-info-kind=constructor -dwarf-version=4 -debugger-tuning=gdb -v -ffunction-sections -fdata-sections -fcoverage-compilation-dir=/workspace/projects/MyGBAEmulator/app/.cxx/Debug/62445o3d/arm64-v8a/CMakeFiles/CMakeTmp -resource-dir /home/user/development/android-sdk/ndk/25.1.8937393/toolchains/llvm/prebuilt/linux-x86_64/lib64/clang/14.0.6 -dependency-file CMakeFiles/cmTC_2f552.dir/CMakeCXXCompilerABI.cpp.o.d -MT CMakeFiles/cmTC_2f552.dir/CMakeCXXCompilerABI.cpp.o -sys-header-deps -D ANDROID -D _FORTIFY_SOURCE=2 -isysroot /home/user/development/android-sdk/ndk/25.1.8937393/toolchains/llvm/prebuilt/linux-x86_64/sysroot -internal-isystem /home/user/development/android-sdk/ndk/25.1.8937393/toolchains/llvm/prebuilt/linux-x86_64/sysroot/usr/include/c++/v1 -internal-isystem /home/user/development/android-sdk/ndk/25.1.8937393/toolchains/llvm/prebuilt/linux-x86_64/lib64/clang/14.0.6/include -internal-isystem /home/user/development/android-sdk/ndk/25.1.8937393/toolchains/llvm/prebuilt/linux-x86_64/sysroot/usr/local/include -internal-externc-isystem /home/user/development/android-sdk/ndk/25.1.8937393/toolchains/llvm/prebuilt/linux-x86_64/sysroot/usr/include/aarch64-linux-android -internal-externc-isystem /home/user/development/android-sdk/ndk/25.1.8937393/toolchains/llvm/prebuilt/linux-x86_64/sysroot/include -internal-externc-isystem /home/user/development/android-sdk/ndk/25.1.8937393/toolchains/llvm/prebuilt/linux-x86_64/sysroot/usr/include -Wformat -std=c++17 -fdeprecated-macro -fdebug-compilation-dir=/workspace/projects/MyGBAEmulator/app/.cxx/Debug/62445o3d/arm64-v8a/CMakeFiles/CMakeTmp -ferror-limit 19 -stack-protector 2 -fno-signed-char -fgnuc-version=4.2.1 -fcxx-exceptions -fexceptions -target-feature +outline-atomics -D__GCC_HAVE_DWARF2_CFI_ASM=1 -o CMakeFiles/cmTC_2f552.dir/CMakeCXXCompilerABI.cpp.o -x c++ /home/user/development/android-sdk/cmake/3.22.1/share/cmake-3.22/Modules/CMakeCXXCompilerABI.cpp]
  ignore line: [clang -cc1 version 14.0.6 based upon LLVM 14.0.6git default target x86_64-unknown-linux-gnu]
  ignore line: [ignoring nonexistent directory "/home/user/development/android-sdk/ndk/25.1.8937393/toolchains/llvm/prebuilt/linux-x86_64/sysroot/include"]
  ignore line: [#include "..." search starts here:]
  ignore line: [#include <...> search starts here:]
  ignore line: [ /home/user/development/android-sdk/ndk/25.1.8937393/toolchains/llvm/prebuilt/linux-x86_64/sysroot/usr/include/c++/v1]
  ignore line: [ /home/user/development/android-sdk/ndk/25.1.8937393/toolchains/llvm/prebuilt/linux-x86_64/lib64/clang/14.0.6/include]
  ignore line: [ /home/user/development/android-sdk/ndk/25.1.8937393/toolchains/llvm/prebuilt/linux-x86_64/sysroot/usr/local/include]
  ignore line: [ /home/user/development/android-sdk/ndk/25.1.8937393/toolchains/llvm/prebuilt/linux-x86_64/sysroot/usr/include/aarch64-linux-android]
  ignore line: [ /home/user/development/android-sdk/ndk/25.1.8937393/toolchains/llvm/prebuilt/linux-x86_64/sysroot/usr/include]
  ignore line: [End of search list.]
  ignore line: [[2/2] Linking CXX executable cmTC_2f552]
  ignore line: [Android (8490178  based on r450784d) clang version 14.0.6 (https://android.googlesource.com/toolchain/llvm-project 4c603efb0cca074e9238af8b4106c30add4418f6)]
  ignore line: [Target: aarch64-none-linux-android24]
  ignore line: [Thread model: posix]
  ignore line: [InstalledDir: /home/user/development/android-sdk/ndk/25.1.8937393/toolchains/llvm/prebuilt/linux-x86_64/bin]
  link line: [ "/home/user/development/android-sdk/ndk/25.1.8937393/toolchains/llvm/prebuilt/linux-x86_64/bin/ld" --sysroot=/home/user/development/android-sdk/ndk/25.1.8937393/toolchains/llvm/prebuilt/linux-x86_64/sysroot -pie -EL --fix-cortex-a53-843419 --warn-shared-textrel -z now -z relro -z max-page-size=4096 --hash-style=gnu --enable-new-dtags --eh-frame-hdr -m aarch64linux -dynamic-linker /system/bin/linker64 -o cmTC_2f552 /home/user/development/android-sdk/ndk/25.1.8937393/toolchains/llvm/prebuilt/linux-x86_64/sysroot/usr/lib/aarch64-linux-android/24/crtbegin_dynamic.o -L/home/user/development/android-sdk/ndk/25.1.8937393/toolchains/llvm/prebuilt/linux-x86_64/lib64/clang/14.0.6/lib/linux/aarch64 -L/home/user/development/android-sdk/ndk/25.1.8937393/toolchains/llvm/prebuilt/linux-x86_64/sysroot/usr/lib/aarch64-linux-android/24 -L/home/user/development/android-sdk/ndk/25.1.8937393/toolchains/llvm/prebuilt/linux-x86_64/sysroot/usr/lib/aarch64-linux-android -L/home/user/development/android-sdk/ndk/25.1.8937393/toolchains/llvm/prebuilt/linux-x86_64/sysroot/usr/lib --build-id=sha1 --no-rosegment --fatal-warnings --gc-sections --no-undefined --gc-sections CMakeFiles/cmTC_2f552.dir/CMakeCXXCompilerABI.cpp.o -Bstatic -lc++ -Bdynamic -lm /home/user/development/android-sdk/ndk/25.1.8937393/toolchains/llvm/prebuilt/linux-x86_64/lib64/clang/14.0.6/lib/linux/libclang_rt.builtins-aarch64-android.a -l:libunwind.a -ldl -lc /home/user/development/android-sdk/ndk/25.1.8937393/toolchains/llvm/prebuilt/linux-x86_64/lib64/clang/14.0.6/lib/linux/libclang_rt.builtins-aarch64-android.a -l:libunwind.a -ldl /home/user/development/android-sdk/ndk/25.1.8937393/toolchains/llvm/prebuilt/linux-x86_64/sysroot/usr/lib/aarch64-linux-android/24/crtend_android.o]
    arg [/home/user/development/android-sdk/ndk/25.1.8937393/toolchains/llvm/prebuilt/linux-x86_64/bin/ld] ==> ignore
    arg [--sysroot=/home/user/development/android-sdk/ndk/25.1.8937393/toolchains/llvm/prebuilt/linux-x86_64/sysroot] ==> ignore
    arg [-pie] ==> ignore
    arg [-EL] ==> ignore
    arg [--fix-cortex-a53-843419] ==> ignore
    arg [--warn-shared-textrel] ==> ignore
    arg [-znow] ==> ignore
    arg [-zrelro] ==> ignore
    arg [-zmax-page-size=4096] ==> ignore
    arg [--hash-style=gnu] ==> ignore
    arg [--enable-new-dtags] ==> ignore
    arg [--eh-frame-hdr] ==> ignore
    arg [-m] ==> ignore
    arg [aarch64linux] ==> ignore
    arg [-dynamic-linker] ==> ignore
    arg [/system/bin/linker64] ==> ignore
    arg [-o] ==> ignore
    arg [cmTC_2f552] ==> ignore
    arg [/home/user/development/android-sdk/ndk/25.1.8937393/toolchains/llvm/prebuilt/linux-x86_64/sysroot/usr/lib/aarch64-linux-android/24/crtbegin_dynamic.o] ==> obj [/home/user/development/android-sdk/ndk/25.1.8937393/toolchains/llvm/prebuilt/linux-x86_64/sysroot/usr/lib/aarch64-linux-android/24/crtbegin_dynamic.o]
    arg [-L/home/user/development/android-sdk/ndk/25.1.8937393/toolchains/llvm/prebuilt/linux-x86_64/lib64/clang/14.0.6/lib/linux/aarch64] ==> dir [/home/user/development/android-sdk/ndk/25.1.8937393/toolchains/llvm/prebuilt/linux-x86_64/lib64/clang/14.0.6/lib/linux/aarch64]
    arg [-L/home/user/development/android-sdk/ndk/25.1.8937393/toolchains/llvm/prebuilt/linux-x86_64/sysroot/usr/lib/aarch64-linux-android/24] ==> dir [/home/user/development/android-sdk/ndk/25.1.8937393/toolchains/llvm/prebuilt/linux-x86_64/sysroot/usr/lib/aarch64-linux-android/24]
    arg [-L/home/user/development/android-sdk/ndk/25.1.8937393/toolchains/llvm/prebuilt/linux-x86_64/sysroot/usr/lib/aarch64-linux-android] ==> dir [/home/user/development/android-sdk/ndk/25.1.8937393/toolchains/llvm/prebuilt/linux-x86_64/sysroot/usr/lib/aarch64-linux-android]
    arg [-L/home/user/development/android-sdk/ndk/25.1.8937393/toolchains/llvm/prebuilt/linux-x86_64/sysroot/usr/lib] ==> dir [/home/user/development/android-sdk/ndk/25.1.8937393/toolchains/llvm/prebuilt/linux-x86_64/sysroot/usr/lib]
    arg [--build-id=sha1] ==> ignore
    arg [--no-rosegment] ==> ignore
    arg [--fatal-warnings] ==> ignore
    arg [--gc-sections] ==> ignore
    arg [--no-undefined] ==> ignore
    arg [--gc-sections] ==> ignore
    arg [CMakeFiles/cmTC_2f552.dir/CMakeCXXCompilerABI.cpp.o] ==> ignore
    arg [-Bstatic] ==> search static
    arg [-lc++] ==> lib [c++]
    arg [-Bdynamic] ==> search dynamic
    arg [-lm] ==> lib [m]
    arg [/home/user/development/android-sdk/ndk/25.1.8937393/toolchains/llvm/prebuilt/linux-x86_64/lib64/clang/14.0.6/lib/linux/libclang_rt.builtins-aarch64-android.a] ==> lib [/home/user/development/android-sdk/ndk/25.1.8937393/toolchains/llvm/prebuilt/linux-x86_64/lib64/clang/14.0.6/lib/linux/libclang_rt.builtins-aarch64-android.a]
    arg [-l:libunwind.a] ==> lib [-l:libunwind.a]
    arg [-ldl] ==> lib [dl]
    arg [-lc] ==> lib [c]
    arg [/home/user/development/android-sdk/ndk/25.1.8937393/toolchains/llvm/prebuilt/linux-x86_64/lib64/clang/14.0.6/lib/linux/libclang_rt.builtins-aarch64-android.a] ==> lib [/home/user/development/android-sdk/ndk/25.1.8937393/toolchains/llvm/prebuilt/linux-x86_64/lib64/clang/14.0.6/lib/linux/libclang_rt.builtins-aarch64-android.a]
    arg [-l:libunwind.a] ==> lib [-l:libunwind.a]
    arg [-ldl] ==> lib [dl]
    arg [/home/user/development/android-sdk/ndk/25.1.8937393/toolchains/llvm/prebuilt/linux-x86_64/sysroot/usr/lib/aarch64-linux-android/24/crtend_android.o] ==> obj [/home/user/development/android-sdk/ndk/25.1.8937393/toolchains/llvm/prebuilt/linux-x86_64/sysroot/usr/lib/aarch64-linux-android/24/crtend_android.o]
  remove lib [/home/user/development/android-sdk/ndk/25.1.8937393/toolchains/llvm/prebuilt/linux-x86_64/lib64/clang/14.0.6/lib/linux/libclang_rt.builtins-aarch64-android.a]
  remove lib [/home/user/development/android-sdk/ndk/25.1.8937393/toolchains/llvm/prebuilt/linux-x86_64/lib64/clang/14.0.6/lib/linux/libclang_rt.builtins-aarch64-android.a]
  collapse library dir [/home/user/development/android-sdk/ndk/25.1.8937393/toolchains/llvm/prebuilt/linux-x86_64/lib64/clang/14.0.6/lib/linux/aarch64] ==> [/home/user/development/android-sdk/ndk/25.1.8937393/toolchains/llvm/prebuilt/linux-x86_64/lib64/clang/14.0.6/lib/linux/aarch64]
  collapse library dir [/home/user/development/android-sdk/ndk/25.1.8937393/toolchains/llvm/prebuilt/linux-x86_64/sysroot/usr/lib/aarch64-linux-android/24] ==> [/home/user/development/android-sdk/ndk/25.1.8937393/toolchains/llvm/prebuilt/linux-x86_64/sysroot/usr/lib/aarch64-linux-android/24]
  collapse library dir [/home/user/development/android-sdk/ndk/25.1.8937393/toolchains/llvm/prebuilt/linux-x86_64/sysroot/usr/lib/aarch64-linux-android] ==> [/home/user/development/android-sdk/ndk/25.1.8937393/toolchains/llvm/prebuilt/linux-x86_64/sysroot/usr/lib/aarch64-linux-android]
  collapse library dir [/home/user/development/android-sdk/ndk/25.1.8937393/toolchains/llvm/prebuilt/linux-x86_64/sysroot/usr/lib] ==> [/home/user/development/android-sdk/ndk/25.1.8937393/toolchains/llvm/prebuilt/linux-x86_64/sysroot/usr/lib]
  implicit libs: [c++;m;-l:libunwind.a;dl;c;-l:libunwind.a;dl]
  implicit objs: [/home/user/development/android-sdk/ndk/25.1.8937393/toolchains/llvm/prebuilt/linux-x86_64/sysroot/usr/lib/aarch64-linux-android/24/crtbegin_dynamic.o;/home/user/development/android-sdk/ndk/25.1.8937393/toolchains/llvm/prebuilt/linux-x86_64/sysroot/usr/lib/aarch64-linux-android/24/crtend_android.o]
  implicit dirs: [/home/user/development/android-sdk/ndk/25.1.8937393/toolchains/llvm/prebuilt/linux-x86_64/lib64/clang/14.0.6/lib/linux/aarch64;/home/user/development/android-sdk/ndk/25.1.8937393/toolchains/llvm/prebuilt/linux-x86_64/sysroot/usr/lib/aarch64-linux-android/24;/home/user/development/android-sdk/ndk/25.1.8937393/toolchains/llvm/prebuilt/linux-x86_64/sysroot/usr/lib/aarch64-linux-android;/home/user/development/android-sdk/ndk/25.1.8937393/toolchains/llvm/prebuilt/linux-x86_64/sysroot/usr/lib]
  implicit fwks: []


Determining if the function strdup exists passed with the following output:
Change Dir: /workspace/projects/MyGBAEmulator/app/.cxx/Debug/62445o3d/arm64-v8a/CMakeFiles/CMakeTmp

Run Build Command(s):/home/user/development/android-sdk/cmake/3.22.1/bin/ninja cmTC_2624d && [1/2] Building C object CMakeFiles/cmTC_2624d.dir/CheckFunctionExists.c.o
[2/2] Linking C executable cmTC_2624d



Determining if the function strlcpy exists passed with the following output:
Change Dir: /workspace/projects/MyGBAEmulator/app/.cxx/Debug/62445o3d/arm64-v8a/CMakeFiles/CMakeTmp

Run Build Command(s):/home/user/development/android-sdk/cmake/3.22.1/bin/ninja cmTC_5dbf0 && [1/2] Building C object CMakeFiles/cmTC_5dbf0.dir/CheckFunctionExists.c.o
[2/2] Linking C executable cmTC_5dbf0



Determining if the function strndup exists passed with the following output:
Change Dir: /workspace/projects/MyGBAEmulator/app/.cxx/Debug/62445o3d/arm64-v8a/CMakeFiles/CMakeTmp

Run Build Command(s):/home/user/development/android-sdk/cmake/3.22.1/bin/ninja cmTC_1f862 && [1/2] Building C object CMakeFiles/cmTC_1f862.dir/CheckFunctionExists.c.o
[2/2] Linking C executable cmTC_1f862



Determining if the function vasprintf exists passed with the following output:
Change Dir: /workspace/projects/MyGBAEmulator/app/.cxx/Debug/62445o3d/arm64-v8a/CMakeFiles/CMakeTmp

Run Build Command(s):/home/user/development/android-sdk/cmake/3.22.1/bin/ninja cmTC_b9605 && [1/2] Building C object CMakeFiles/cmTC_b9605.dir/CheckFunctionExists.c.o
/home/user/development/android-sdk/cmake/3.22.1/share/cmake-3.22/Modules/CheckFunctionExists.c:17:25: warning: format string missing [-Wformat]
  CHECK_FUNCTION_EXISTS();
  ~~~~~~~~~~~~~~~~~~~~~ ^
1 warning generated.
[2/2] Linking C executable cmTC_b9605



Determining if the function freelocale exists passed with the following output:
Change Dir: /workspace/projects/MyGBAEmulator/app/.cxx/Debug/62445o3d/arm64-v8a/CMakeFiles/CMakeTmp

Run Build Command(s):/home/user/development/android-sdk/cmake/3.22.1/bin/ninja cmTC_504a8 && [1/2] Building C object CMakeFiles/cmTC_504a8.dir/CheckFunctionExists.c.o
[2/2] Linking C executable cmTC_504a8



Determining if the function newlocale exists passed with the following output:
Change Dir: /workspace/projects/MyGBAEmulator/app/.cxx/Debug/62445o3d/arm64-v8a/CMakeFiles/CMakeTmp

Run Build Command(s):/home/user/development/android-sdk/cmake/3.22.1/bin/ninja cmTC_21bd8 && [1/2] Building C object CMakeFiles/cmTC_21bd8.dir/CheckFunctionExists.c.o
[2/2] Linking C executable cmTC_21bd8



Determining if the function setlocale exists passed with the following output:
Change Dir: /workspace/projects/MyGBAEmulator/app/.cxx/Debug/62445o3d/arm64-v8a/CMakeFiles/CMakeTmp

Run Build Command(s):/home/user/development/android-sdk/cmake/3.22.1/bin/ninja cmTC_9c00c && [1/2] Building C object CMakeFiles/cmTC_9c00c.dir/CheckFunctionExists.c.o
[2/2] Linking C executable cmTC_9c00c



Determining if the function uselocale exists passed with the following output:
Change Dir: /workspace/projects/MyGBAEmulator/app/.cxx/Debug/62445o3d/arm64-v8a/CMakeFiles/CMakeTmp

Run Build Command(s):/home/user/development/android-sdk/cmake/3.22.1/bin/ninja cmTC_1919b && [1/2] Building C object CMakeFiles/cmTC_1919b.dir/CheckFunctionExists.c.o
[2/2] Linking C executable cmTC_1919b



Determining if the function futimens exists passed with the following output:
Change Dir: /workspace/projects/MyGBAEmulator/app/.cxx/Debug/62445o3d/arm64-v8a/CMakeFiles/CMakeTmp

Run Build Command(s):/home/user/development/android-sdk/cmake/3.22.1/bin/ninja cmTC_538d4 && [1/2] Building C object CMakeFiles/cmTC_538d4.dir/CheckFunctionExists.c.o
[2/2] Linking C executable cmTC_538d4



Determining if the function localtime_r exists passed with the following output:
Change Dir: /workspace/projects/MyGBAEmulator/app/.cxx/Debug/62445o3d/arm64-v8a/CMakeFiles/CMakeTmp

Run Build Command(s):/home/user/development/android-sdk/cmake/3.22.1/bin/ninja cmTC_d2c9c && [1/2] Building C object CMakeFiles/cmTC_d2c9c.dir/CheckFunctionExists.c.o
[2/2] Linking C executable cmTC_d2c9c



Determining if the function realpath exists passed with the following output:
Change Dir: /workspace/projects/MyGBAEmulator/app/.cxx/Debug/62445o3d/arm64-v8a/CMakeFiles/CMakeTmp

Run Build Command(s):/home/user/development/android-sdk/cmake/3.22.1/bin/ninja cmTC_dbe2b && [1/2] Building C object CMakeFiles/cmTC_dbe2b.dir/CheckFunctionExists.c.o
[2/2] Linking C executable cmTC_dbe2b



Determining if files xlocale.h exist passed with the following output:
Change Dir: /workspace/projects/MyGBAEmulator/app/.cxx/Debug/62445o3d/arm64-v8a/CMakeFiles/CMakeTmp

Run Build Command(s):/home/user/development/android-sdk/cmake/3.22.1/bin/ninja cmTC_4a866 && [1/2] Building C object CMakeFiles/cmTC_4a866.dir/HAVE_XLOCALE.c.o
[2/2] Linking C executable cmTC_4a866



Determining if files pthread.h exist passed with the following output:
Change Dir: /workspace/projects/MyGBAEmulator/app/.cxx/Debug/62445o3d/arm64-v8a/CMakeFiles/CMakeTmp

Run Build Command(s):/home/user/development/android-sdk/cmake/3.22.1/bin/ninja cmTC_1b019 && [1/2] Building C object CMakeFiles/cmTC_1b019.dir/HAVE_PTHREAD_H.c.o
[2/2] Linking C executable cmTC_1b019



Performing C SOURCE FILE Test HAVE_PTHREAD succeeded with the following output:
Change Dir: /workspace/projects/MyGBAEmulator/app/.cxx/Debug/62445o3d/arm64-v8a/CMakeFiles/CMakeTmp

Run Build Command(s):/home/user/development/android-sdk/cmake/3.22.1/bin/ninja cmTC_01c98 && [1/2] Building C object CMakeFiles/cmTC_01c98.dir/src.c.o
[2/2] Linking C executable cmTC_01c98


Source file was:
int main(void) { return 0; }
Determining if the function pthread_create exists passed with the following output:
Change Dir: /workspace/projects/MyGBAEmulator/app/.cxx/Debug/62445o3d/arm64-v8a/CMakeFiles/CMakeTmp

Run Build Command(s):/home/user/development/android-sdk/cmake/3.22.1/bin/ninja cmTC_e5394 && [1/2] Building C object CMakeFiles/cmTC_e5394.dir/CheckFunctionExists.c.o
[2/2] Linking C executable cmTC_e5394



Determining if the function pthread_setname_np exists passed with the following output:
Change Dir: /workspace/projects/MyGBAEmulator/app/.cxx/Debug/62445o3d/arm64-v8a/CMakeFiles/CMakeTmp

Run Build Command(s):/home/user/development/android-sdk/cmake/3.22.1/bin/ninja cmTC_812f9 && [1/2] Building C object CMakeFiles/cmTC_812f9.dir/CheckFunctionExists.c.o
[2/2] Linking C executable cmTC_812f9



