Determining if the function snprintf_l exists failed with the following output:
Change Dir: /workspace/projects/MyGBAEmulator/app/.cxx/Debug/62445o3d/x86_64/CMakeFiles/CMakeTmp

Run Build Command(s):/home/user/development/android-sdk/cmake/3.22.1/bin/ninja cmTC_8a473 && [1/2] Building C object CMakeFiles/cmTC_8a473.dir/CheckFunctionExists.c.o
[2/2] Linking C executable cmTC_8a473
FAILED: cmTC_8a473 
: && /home/user/development/android-sdk/ndk/25.1.8937393/toolchains/llvm/prebuilt/linux-x86_64/bin/clang --target=x86_64-none-linux-android24 --sysroot=/home/user/development/android-sdk/ndk/25.1.8937393/toolchains/llvm/prebuilt/linux-x86_64/sysroot -g -DANDROID -fdata-sections -ffunction-sections -funwind-tables -fstack-protector-strong -no-canonical-prefixes -D_FORTIFY_SOURCE=2 -Wformat -Werror=format-security  -Wall -Wextra -Wno-missing-field-initializers -Werror=implicit-function-declaration -Werror=implicit-int -fwrapv -DCHECK_FUNCTION_EXISTS=snprintf_l -static-libstdc++ -Wl,--build-id=sha1 -Wl,--no-rosegment -Wl,--fatal-warnings -Wl,--gc-sections -Wl,--no-undefined -Qunused-arguments -Wl,--gc-sections CMakeFiles/cmTC_8a473.dir/CheckFunctionExists.c.o -o cmTC_8a473  -latomic -lm && :
ld: error: undefined symbol: snprintf_l
>>> referenced by CheckFunctionExists.c:17 (/home/user/development/android-sdk/cmake/3.22.1/share/cmake-3.22/Modules/CheckFunctionExists.c:17)
>>>               CMakeFiles/cmTC_8a473.dir/CheckFunctionExists.c.o:(main)
clang: error: linker command failed with exit code 1 (use -v to see invocation)
ninja: build stopped: subcommand failed.



Determining if the function popcount32 exists failed with the following output:
Change Dir: /workspace/projects/MyGBAEmulator/app/.cxx/Debug/62445o3d/x86_64/CMakeFiles/CMakeTmp

Run Build Command(s):/home/user/development/android-sdk/cmake/3.22.1/bin/ninja cmTC_c7bab && [1/2] Building C object CMakeFiles/cmTC_c7bab.dir/CheckFunctionExists.c.o
[2/2] Linking C executable cmTC_c7bab
FAILED: cmTC_c7bab 
: && /home/user/development/android-sdk/ndk/25.1.8937393/toolchains/llvm/prebuilt/linux-x86_64/bin/clang --target=x86_64-none-linux-android24 --sysroot=/home/user/development/android-sdk/ndk/25.1.8937393/toolchains/llvm/prebuilt/linux-x86_64/sysroot -g -DANDROID -fdata-sections -ffunction-sections -funwind-tables -fstack-protector-strong -no-canonical-prefixes -D_FORTIFY_SOURCE=2 -Wformat -Werror=format-security  -Wall -Wextra -Wno-missing-field-initializers -Werror=implicit-function-declaration -Werror=implicit-int -fwrapv -DCHECK_FUNCTION_EXISTS=popcount32 -static-libstdc++ -Wl,--build-id=sha1 -Wl,--no-rosegment -Wl,--fatal-warnings -Wl,--gc-sections -Wl,--no-undefined -Qunused-arguments -Wl,--gc-sections CMakeFiles/cmTC_c7bab.dir/CheckFunctionExists.c.o -o cmTC_c7bab  -latomic -lm && :
ld: error: undefined symbol: popcount32
>>> referenced by CheckFunctionExists.c:17 (/home/user/development/android-sdk/cmake/3.22.1/share/cmake-3.22/Modules/CheckFunctionExists.c:17)
>>>               CMakeFiles/cmTC_c7bab.dir/CheckFunctionExists.c.o:(main)
clang: error: linker command failed with exit code 1 (use -v to see invocation)
ninja: build stopped: subcommand failed.



Determining if the function futimes exists failed with the following output:
Change Dir: /workspace/projects/MyGBAEmulator/app/.cxx/Debug/62445o3d/x86_64/CMakeFiles/CMakeTmp

Run Build Command(s):/home/user/development/android-sdk/cmake/3.22.1/bin/ninja cmTC_58c52 && [1/2] Building C object CMakeFiles/cmTC_58c52.dir/CheckFunctionExists.c.o
[2/2] Linking C executable cmTC_58c52
FAILED: cmTC_58c52 
: && /home/user/development/android-sdk/ndk/25.1.8937393/toolchains/llvm/prebuilt/linux-x86_64/bin/clang --target=x86_64-none-linux-android24 --sysroot=/home/user/development/android-sdk/ndk/25.1.8937393/toolchains/llvm/prebuilt/linux-x86_64/sysroot -g -DANDROID -fdata-sections -ffunction-sections -funwind-tables -fstack-protector-strong -no-canonical-prefixes -D_FORTIFY_SOURCE=2 -Wformat -Werror=format-security  -Wall -Wextra -Wno-missing-field-initializers -Werror=implicit-function-declaration -Werror=implicit-int -fwrapv -DCHECK_FUNCTION_EXISTS=futimes -static-libstdc++ -Wl,--build-id=sha1 -Wl,--no-rosegment -Wl,--fatal-warnings -Wl,--gc-sections -Wl,--no-undefined -Qunused-arguments -Wl,--gc-sections CMakeFiles/cmTC_58c52.dir/CheckFunctionExists.c.o -o cmTC_58c52  -latomic -lm && :
ld: error: undefined symbol: futimes
>>> referenced by CheckFunctionExists.c:17 (/home/user/development/android-sdk/cmake/3.22.1/share/cmake-3.22/Modules/CheckFunctionExists.c:17)
>>>               CMakeFiles/cmTC_58c52.dir/CheckFunctionExists.c.o:(main)
>>> did you mean: utimes
>>> defined in: /home/user/development/android-sdk/ndk/25.1.8937393/toolchains/llvm/prebuilt/linux-x86_64/sysroot/usr/lib/x86_64-linux-android/24/libc.so
clang: error: linker command failed with exit code 1 (use -v to see invocation)
ninja: build stopped: subcommand failed.



Determining if files pthread_np.h exist failed with the following output:
Change Dir: /workspace/projects/MyGBAEmulator/app/.cxx/Debug/62445o3d/x86_64/CMakeFiles/CMakeTmp

Run Build Command(s):/home/user/development/android-sdk/cmake/3.22.1/bin/ninja cmTC_88a3f && [1/2] Building C object CMakeFiles/cmTC_88a3f.dir/HAVE_PTHREAD_NP_H.c.o
FAILED: CMakeFiles/cmTC_88a3f.dir/HAVE_PTHREAD_NP_H.c.o 
/home/user/development/android-sdk/ndk/25.1.8937393/toolchains/llvm/prebuilt/linux-x86_64/bin/clang --target=x86_64-none-linux-android24 --sysroot=/home/user/development/android-sdk/ndk/25.1.8937393/toolchains/llvm/prebuilt/linux-x86_64/sysroot   -g -DANDROID -fdata-sections -ffunction-sections -funwind-tables -fstack-protector-strong -no-canonical-prefixes -D_FORTIFY_SOURCE=2 -Wformat -Werror=format-security  -Wall -Wextra -Wno-missing-field-initializers -Werror=implicit-function-declaration -Werror=implicit-int -fwrapv -pthread  -fPIE -std=c11 -MD -MT CMakeFiles/cmTC_88a3f.dir/HAVE_PTHREAD_NP_H.c.o -MF CMakeFiles/cmTC_88a3f.dir/HAVE_PTHREAD_NP_H.c.o.d -o CMakeFiles/cmTC_88a3f.dir/HAVE_PTHREAD_NP_H.c.o -c /workspace/projects/MyGBAEmulator/app/.cxx/Debug/62445o3d/x86_64/CMakeFiles/CheckIncludeFiles/HAVE_PTHREAD_NP_H.c
/workspace/projects/MyGBAEmulator/app/.cxx/Debug/62445o3d/x86_64/CMakeFiles/CheckIncludeFiles/HAVE_PTHREAD_NP_H.c:2:10: fatal error: 'pthread_np.h' file not found
#include <pthread_np.h>
         ^~~~~~~~~~~~~~
1 error generated.
ninja: build stopped: subcommand failed.


Source:
/* */
#include <pthread_np.h>


int main(void){return 0;}

Determining if the function pthread_set_name_np exists failed with the following output:
Change Dir: /workspace/projects/MyGBAEmulator/app/.cxx/Debug/62445o3d/x86_64/CMakeFiles/CMakeTmp

Run Build Command(s):/home/user/development/android-sdk/cmake/3.22.1/bin/ninja cmTC_9d481 && [1/2] Building C object CMakeFiles/cmTC_9d481.dir/CheckFunctionExists.c.o
[2/2] Linking C executable cmTC_9d481
FAILED: cmTC_9d481 
: && /home/user/development/android-sdk/ndk/25.1.8937393/toolchains/llvm/prebuilt/linux-x86_64/bin/clang --target=x86_64-none-linux-android24 --sysroot=/home/user/development/android-sdk/ndk/25.1.8937393/toolchains/llvm/prebuilt/linux-x86_64/sysroot -g -DANDROID -fdata-sections -ffunction-sections -funwind-tables -fstack-protector-strong -no-canonical-prefixes -D_FORTIFY_SOURCE=2 -Wformat -Werror=format-security  -Wall -Wextra -Wno-missing-field-initializers -Werror=implicit-function-declaration -Werror=implicit-int -fwrapv -pthread -DCHECK_FUNCTION_EXISTS=pthread_set_name_np -static-libstdc++ -Wl,--build-id=sha1 -Wl,--no-rosegment -Wl,--fatal-warnings -Wl,--gc-sections -Wl,--no-undefined -Qunused-arguments -Wl,--gc-sections CMakeFiles/cmTC_9d481.dir/CheckFunctionExists.c.o -o cmTC_9d481  -latomic -lm && :
ld: error: undefined symbol: pthread_set_name_np
>>> referenced by CheckFunctionExists.c:17 (/home/user/development/android-sdk/cmake/3.22.1/share/cmake-3.22/Modules/CheckFunctionExists.c:17)
>>>               CMakeFiles/cmTC_9d481.dir/CheckFunctionExists.c.o:(main)
>>> did you mean: pthread_setname_np
>>> defined in: /home/user/development/android-sdk/ndk/25.1.8937393/toolchains/llvm/prebuilt/linux-x86_64/sysroot/usr/lib/x86_64-linux-android/24/libc.so
clang: error: linker command failed with exit code 1 (use -v to see invocation)
ninja: build stopped: subcommand failed.



Determining if the function crc32 exists failed with the following output:
Change Dir: /workspace/projects/MyGBAEmulator/app/.cxx/Debug/62445o3d/x86_64/CMakeFiles/CMakeTmp

Run Build Command(s):/home/user/development/android-sdk/cmake/3.22.1/bin/ninja cmTC_f959d && [1/2] Building C object CMakeFiles/cmTC_f959d.dir/CheckFunctionExists.c.o
[2/2] Linking C executable cmTC_f959d
FAILED: cmTC_f959d 
: && /home/user/development/android-sdk/ndk/25.1.8937393/toolchains/llvm/prebuilt/linux-x86_64/bin/clang --target=x86_64-none-linux-android24 --sysroot=/home/user/development/android-sdk/ndk/25.1.8937393/toolchains/llvm/prebuilt/linux-x86_64/sysroot -g -DANDROID -fdata-sections -ffunction-sections -funwind-tables -fstack-protector-strong -no-canonical-prefixes -D_FORTIFY_SOURCE=2 -Wformat -Werror=format-security  -Wall -Wextra -Wno-missing-field-initializers -Werror=implicit-function-declaration -Werror=implicit-int -fwrapv -pthread -DCHECK_FUNCTION_EXISTS=crc32 -static-libstdc++ -Wl,--build-id=sha1 -Wl,--no-rosegment -Wl,--fatal-warnings -Wl,--gc-sections -Wl,--no-undefined -Qunused-arguments -Wl,--gc-sections CMakeFiles/cmTC_f959d.dir/CheckFunctionExists.c.o -o cmTC_f959d  -latomic -lm && :
ld: error: undefined symbol: crc32
>>> referenced by CheckFunctionExists.c:17 (/home/user/development/android-sdk/cmake/3.22.1/share/cmake-3.22/Modules/CheckFunctionExists.c:17)
>>>               CMakeFiles/cmTC_f959d.dir/CheckFunctionExists.c.o:(main)
clang: error: linker command failed with exit code 1 (use -v to see invocation)
ninja: build stopped: subcommand failed.



